<?xml version="1.0"?>
<link_info>
   <banner>TI ARM Linker PC v5.2.7</banner>
   <copyright>Copyright (c) 1996-2015 Texas Instruments Incorporated</copyright>
   <link_time>0x57448a09</link_time>
   <link_errors>0x0</link_errors>
   <output_file>3200ExositeDemo.out</output_file>
   <entry_point>
      <name>_c_int00</name>
      <address>0x200110e1</address>
   </entry_point>
   <input_file_list>
      <input_file id="fl-2">
         <path>.\</path>
         <kind>object</kind>
         <file>adc.obj</file>
         <name>adc.obj</name>
      </input_file>
      <input_file id="fl-3">
         <path>.\</path>
         <kind>object</kind>
         <file>bma222drv.obj</file>
         <name>bma222drv.obj</name>
      </input_file>
      <input_file id="fl-4">
         <path>.\</path>
         <kind>object</kind>
         <file>device_status.obj</file>
         <name>device_status.obj</name>
      </input_file>
      <input_file id="fl-5">
         <path>.\</path>
         <kind>object</kind>
         <file>gpio_if.obj</file>
         <name>gpio_if.obj</name>
      </input_file>
      <input_file id="fl-6">
         <path>.\</path>
         <kind>object</kind>
         <file>i2c_if.obj</file>
         <name>i2c_if.obj</name>
      </input_file>
      <input_file id="fl-7">
         <path>.\</path>
         <kind>object</kind>
         <file>main.obj</file>
         <name>main.obj</name>
      </input_file>
      <input_file id="fl-8">
         <path>.\</path>
         <kind>object</kind>
         <file>pinmux.obj</file>
         <name>pinmux.obj</name>
      </input_file>
      <input_file id="fl-9">
         <path>.\</path>
         <kind>object</kind>
         <file>smartconfig.obj</file>
         <name>smartconfig.obj</name>
      </input_file>
      <input_file id="fl-a">
         <path>.\</path>
         <kind>object</kind>
         <file>startup_ccs.obj</file>
         <name>startup_ccs.obj</name>
      </input_file>
      <input_file id="fl-b">
         <path>.\</path>
         <kind>object</kind>
         <file>tmp006drv.obj</file>
         <name>tmp006drv.obj</name>
      </input_file>
      <input_file id="fl-c">
         <path>.\</path>
         <kind>object</kind>
         <file>uart_if.obj</file>
         <name>uart_if.obj</name>
      </input_file>
      <input_file id="fl-d">
         <path>.\exosite\</path>
         <kind>object</kind>
         <file>exosite.obj</file>
         <name>exosite.obj</name>
      </input_file>
      <input_file id="fl-e">
         <path>.\exosite\</path>
         <kind>object</kind>
         <file>exosite_pal.obj</file>
         <name>exosite_pal.obj</name>
      </input_file>
      <input_file id="fl-137">
         <path>C:\ti\ccsv6\tools\compiler\ti-cgt-arm_5.2.7\lib\</path>
         <kind>archive</kind>
         <file>rtsv7M4_T_le_eabi.lib</file>
         <name>atoi.obj</name>
      </input_file>
      <input_file id="fl-138">
         <path>C:\ti\ccsv6\tools\compiler\ti-cgt-arm_5.2.7\lib\</path>
         <kind>archive</kind>
         <file>rtsv7M4_T_le_eabi.lib</file>
         <name>boot.obj</name>
      </input_file>
      <input_file id="fl-139">
         <path>C:\ti\ccsv6\tools\compiler\ti-cgt-arm_5.2.7\lib\</path>
         <kind>archive</kind>
         <file>rtsv7M4_T_le_eabi.lib</file>
         <name>copy_decompress_none.obj</name>
      </input_file>
      <input_file id="fl-13a">
         <path>C:\ti\ccsv6\tools\compiler\ti-cgt-arm_5.2.7\lib\</path>
         <kind>archive</kind>
         <file>rtsv7M4_T_le_eabi.lib</file>
         <name>copy_decompress_rle.obj</name>
      </input_file>
      <input_file id="fl-13b">
         <path>C:\ti\ccsv6\tools\compiler\ti-cgt-arm_5.2.7\lib\</path>
         <kind>archive</kind>
         <file>rtsv7M4_T_le_eabi.lib</file>
         <name>copy_zero_init.obj</name>
      </input_file>
      <input_file id="fl-13c">
         <path>C:\ti\ccsv6\tools\compiler\ti-cgt-arm_5.2.7\lib\</path>
         <kind>archive</kind>
         <file>rtsv7M4_T_le_eabi.lib</file>
         <name>ctype.obj</name>
      </input_file>
      <input_file id="fl-13d">
         <path>C:\ti\ccsv6\tools\compiler\ti-cgt-arm_5.2.7\lib\</path>
         <kind>archive</kind>
         <file>rtsv7M4_T_le_eabi.lib</file>
         <name>exit.obj</name>
      </input_file>
      <input_file id="fl-13e">
         <path>C:\ti\ccsv6\tools\compiler\ti-cgt-arm_5.2.7\lib\</path>
         <kind>archive</kind>
         <file>rtsv7M4_T_le_eabi.lib</file>
         <name>fd_add_t2.obj</name>
      </input_file>
      <input_file id="fl-13f">
         <path>C:\ti\ccsv6\tools\compiler\ti-cgt-arm_5.2.7\lib\</path>
         <kind>archive</kind>
         <file>rtsv7M4_T_le_eabi.lib</file>
         <name>fd_div_t2.obj</name>
      </input_file>
      <input_file id="fl-140">
         <path>C:\ti\ccsv6\tools\compiler\ti-cgt-arm_5.2.7\lib\</path>
         <kind>archive</kind>
         <file>rtsv7M4_T_le_eabi.lib</file>
         <name>fd_mul_t2.obj</name>
      </input_file>
      <input_file id="fl-141">
         <path>C:\ti\ccsv6\tools\compiler\ti-cgt-arm_5.2.7\lib\</path>
         <kind>archive</kind>
         <file>rtsv7M4_T_le_eabi.lib</file>
         <name>fd_tos_t2.obj</name>
      </input_file>
      <input_file id="fl-142">
         <path>C:\ti\ccsv6\tools\compiler\ti-cgt-arm_5.2.7\lib\</path>
         <kind>archive</kind>
         <file>rtsv7M4_T_le_eabi.lib</file>
         <name>fputs.obj</name>
      </input_file>
      <input_file id="fl-143">
         <path>C:\ti\ccsv6\tools\compiler\ti-cgt-arm_5.2.7\lib\</path>
         <kind>archive</kind>
         <file>rtsv7M4_T_le_eabi.lib</file>
         <name>fs_add_t2.obj</name>
      </input_file>
      <input_file id="fl-144">
         <path>C:\ti\ccsv6\tools\compiler\ti-cgt-arm_5.2.7\lib\</path>
         <kind>archive</kind>
         <file>rtsv7M4_T_le_eabi.lib</file>
         <name>fs_div_t2.obj</name>
      </input_file>
      <input_file id="fl-145">
         <path>C:\ti\ccsv6\tools\compiler\ti-cgt-arm_5.2.7\lib\</path>
         <kind>archive</kind>
         <file>rtsv7M4_T_le_eabi.lib</file>
         <name>fs_tod_t2.obj</name>
      </input_file>
      <input_file id="fl-146">
         <path>C:\ti\ccsv6\tools\compiler\ti-cgt-arm_5.2.7\lib\</path>
         <kind>archive</kind>
         <file>rtsv7M4_T_le_eabi.lib</file>
         <name>fs_tou_t2.obj</name>
      </input_file>
      <input_file id="fl-147">
         <path>C:\ti\ccsv6\tools\compiler\ti-cgt-arm_5.2.7\lib\</path>
         <kind>archive</kind>
         <file>rtsv7M4_T_le_eabi.lib</file>
         <name>i_tofd_t2.obj</name>
      </input_file>
      <input_file id="fl-148">
         <path>C:\ti\ccsv6\tools\compiler\ti-cgt-arm_5.2.7\lib\</path>
         <kind>archive</kind>
         <file>rtsv7M4_T_le_eabi.lib</file>
         <name>i_tofs_t2.obj</name>
      </input_file>
      <input_file id="fl-149">
         <path>C:\ti\ccsv6\tools\compiler\ti-cgt-arm_5.2.7\lib\</path>
         <kind>archive</kind>
         <file>rtsv7M4_T_le_eabi.lib</file>
         <name>ll_tofs_t2.obj</name>
      </input_file>
      <input_file id="fl-14a">
         <path>C:\ti\ccsv6\tools\compiler\ti-cgt-arm_5.2.7\lib\</path>
         <kind>archive</kind>
         <file>rtsv7M4_T_le_eabi.lib</file>
         <name>lowlev.obj</name>
      </input_file>
      <input_file id="fl-14b">
         <path>C:\ti\ccsv6\tools\compiler\ti-cgt-arm_5.2.7\lib\</path>
         <kind>archive</kind>
         <file>rtsv7M4_T_le_eabi.lib</file>
         <name>memchr.obj</name>
      </input_file>
      <input_file id="fl-14c">
         <path>C:\ti\ccsv6\tools\compiler\ti-cgt-arm_5.2.7\lib\</path>
         <kind>archive</kind>
         <file>rtsv7M4_T_le_eabi.lib</file>
         <name>memcmp.obj</name>
      </input_file>
      <input_file id="fl-14d">
         <path>C:\ti\ccsv6\tools\compiler\ti-cgt-arm_5.2.7\lib\</path>
         <kind>archive</kind>
         <file>rtsv7M4_T_le_eabi.lib</file>
         <name>memcpy_t2.obj</name>
      </input_file>
      <input_file id="fl-14e">
         <path>C:\ti\ccsv6\tools\compiler\ti-cgt-arm_5.2.7\lib\</path>
         <kind>archive</kind>
         <file>rtsv7M4_T_le_eabi.lib</file>
         <name>memmov.obj</name>
      </input_file>
      <input_file id="fl-14f">
         <path>C:\ti\ccsv6\tools\compiler\ti-cgt-arm_5.2.7\lib\</path>
         <kind>archive</kind>
         <file>rtsv7M4_T_le_eabi.lib</file>
         <name>memory.obj</name>
      </input_file>
      <input_file id="fl-150">
         <path>C:\ti\ccsv6\tools\compiler\ti-cgt-arm_5.2.7\lib\</path>
         <kind>archive</kind>
         <file>rtsv7M4_T_le_eabi.lib</file>
         <name>memset_t2.obj</name>
      </input_file>
      <input_file id="fl-151">
         <path>C:\ti\ccsv6\tools\compiler\ti-cgt-arm_5.2.7\lib\</path>
         <kind>archive</kind>
         <file>rtsv7M4_T_le_eabi.lib</file>
         <name>pow.obj</name>
      </input_file>
      <input_file id="fl-152">
         <path>C:\ti\ccsv6\tools\compiler\ti-cgt-arm_5.2.7\lib\</path>
         <kind>archive</kind>
         <file>rtsv7M4_T_le_eabi.lib</file>
         <name>pre_init.obj</name>
      </input_file>
      <input_file id="fl-153">
         <path>C:\ti\ccsv6\tools\compiler\ti-cgt-arm_5.2.7\lib\</path>
         <kind>archive</kind>
         <file>rtsv7M4_T_le_eabi.lib</file>
         <name>printf.obj</name>
      </input_file>
      <input_file id="fl-154">
         <path>C:\ti\ccsv6\tools\compiler\ti-cgt-arm_5.2.7\lib\</path>
         <kind>archive</kind>
         <file>rtsv7M4_T_le_eabi.lib</file>
         <name>snprintf.obj</name>
      </input_file>
      <input_file id="fl-155">
         <path>C:\ti\ccsv6\tools\compiler\ti-cgt-arm_5.2.7\lib\</path>
         <kind>archive</kind>
         <file>rtsv7M4_T_le_eabi.lib</file>
         <name>stkdepth_vars.obj</name>
      </input_file>
      <input_file id="fl-156">
         <path>C:\ti\ccsv6\tools\compiler\ti-cgt-arm_5.2.7\lib\</path>
         <kind>archive</kind>
         <file>rtsv7M4_T_le_eabi.lib</file>
         <name>strchr.obj</name>
      </input_file>
      <input_file id="fl-157">
         <path>C:\ti\ccsv6\tools\compiler\ti-cgt-arm_5.2.7\lib\</path>
         <kind>archive</kind>
         <file>rtsv7M4_T_le_eabi.lib</file>
         <name>strcmp.obj</name>
      </input_file>
      <input_file id="fl-158">
         <path>C:\ti\ccsv6\tools\compiler\ti-cgt-arm_5.2.7\lib\</path>
         <kind>archive</kind>
         <file>rtsv7M4_T_le_eabi.lib</file>
         <name>strcpy.obj</name>
      </input_file>
      <input_file id="fl-159">
         <path>C:\ti\ccsv6\tools\compiler\ti-cgt-arm_5.2.7\lib\</path>
         <kind>archive</kind>
         <file>rtsv7M4_T_le_eabi.lib</file>
         <name>strlen.obj</name>
      </input_file>
      <input_file id="fl-15a">
         <path>C:\ti\ccsv6\tools\compiler\ti-cgt-arm_5.2.7\lib\</path>
         <kind>archive</kind>
         <file>rtsv7M4_T_le_eabi.lib</file>
         <name>strncpy.obj</name>
      </input_file>
      <input_file id="fl-15b">
         <path>C:\ti\ccsv6\tools\compiler\ti-cgt-arm_5.2.7\lib\</path>
         <kind>archive</kind>
         <file>rtsv7M4_T_le_eabi.lib</file>
         <name>strstr.obj</name>
      </input_file>
      <input_file id="fl-15c">
         <path>C:\ti\ccsv6\tools\compiler\ti-cgt-arm_5.2.7\lib\</path>
         <kind>archive</kind>
         <file>rtsv7M4_T_le_eabi.lib</file>
         <name>trgdrv.obj</name>
      </input_file>
      <input_file id="fl-15d">
         <path>C:\ti\ccsv6\tools\compiler\ti-cgt-arm_5.2.7\lib\</path>
         <kind>archive</kind>
         <file>rtsv7M4_T_le_eabi.lib</file>
         <name>trgmsg.obj</name>
      </input_file>
      <input_file id="fl-15e">
         <path>C:\ti\ccsv6\tools\compiler\ti-cgt-arm_5.2.7\lib\</path>
         <kind>archive</kind>
         <file>rtsv7M4_T_le_eabi.lib</file>
         <name>vsnprintf.obj</name>
      </input_file>
      <input_file id="fl-15f">
         <path>C:\ti\ccsv6\tools\compiler\ti-cgt-arm_5.2.7\lib\</path>
         <kind>archive</kind>
         <file>rtsv7M4_T_le_eabi.lib</file>
         <name>xdint.obj</name>
      </input_file>
      <input_file id="fl-160">
         <path>C:\ti\ccsv6\tools\compiler\ti-cgt-arm_5.2.7\lib\</path>
         <kind>archive</kind>
         <file>rtsv7M4_T_le_eabi.lib</file>
         <name>xdunscal.obj</name>
      </input_file>
      <input_file id="fl-161">
         <path>C:\ti\ccsv6\tools\compiler\ti-cgt-arm_5.2.7\lib\</path>
         <kind>archive</kind>
         <file>rtsv7M4_T_le_eabi.lib</file>
         <name>xexp.obj</name>
      </input_file>
      <input_file id="fl-162">
         <path>C:\ti\ccsv6\tools\compiler\ti-cgt-arm_5.2.7\lib\</path>
         <kind>archive</kind>
         <file>rtsv7M4_T_le_eabi.lib</file>
         <name>xferaise.obj</name>
      </input_file>
      <input_file id="fl-163">
         <path>C:\ti\ccsv6\tools\compiler\ti-cgt-arm_5.2.7\lib\</path>
         <kind>archive</kind>
         <file>rtsv7M4_T_le_eabi.lib</file>
         <name>xvalues.obj</name>
      </input_file>
      <input_file id="fl-164">
         <path>C:\ti\ccsv6\tools\compiler\ti-cgt-arm_5.2.7\lib\</path>
         <kind>archive</kind>
         <file>rtsv7M4_T_le_eabi.lib</file>
         <name>_io_perm.obj</name>
      </input_file>
      <input_file id="fl-165">
         <path>C:\ti\ccsv6\tools\compiler\ti-cgt-arm_5.2.7\lib\</path>
         <kind>archive</kind>
         <file>rtsv7M4_T_le_eabi.lib</file>
         <name>_lock.obj</name>
      </input_file>
      <input_file id="fl-166">
         <path>C:\ti\ccsv6\tools\compiler\ti-cgt-arm_5.2.7\lib\</path>
         <kind>archive</kind>
         <file>rtsv7M4_T_le_eabi.lib</file>
         <name>_printfi.obj</name>
      </input_file>
      <input_file id="fl-167">
         <path>C:\ti\ccsv6\tools\compiler\ti-cgt-arm_5.2.7\lib\</path>
         <kind>archive</kind>
         <file>rtsv7M4_T_le_eabi.lib</file>
         <name>args_main.obj</name>
      </input_file>
      <input_file id="fl-168">
         <path>C:\ti\ccsv6\tools\compiler\ti-cgt-arm_5.2.7\lib\</path>
         <kind>archive</kind>
         <file>rtsv7M4_T_le_eabi.lib</file>
         <name>autoinit.obj</name>
      </input_file>
      <input_file id="fl-169">
         <path>C:\ti\ccsv6\tools\compiler\ti-cgt-arm_5.2.7\lib\</path>
         <kind>archive</kind>
         <file>rtsv7M4_T_le_eabi.lib</file>
         <name>cpy_tbl.obj</name>
      </input_file>
      <input_file id="fl-16a">
         <path>C:\ti\ccsv6\tools\compiler\ti-cgt-arm_5.2.7\lib\</path>
         <kind>archive</kind>
         <file>rtsv7M4_T_le_eabi.lib</file>
         <name>defs.obj</name>
      </input_file>
      <input_file id="fl-16b">
         <path>C:\ti\ccsv6\tools\compiler\ti-cgt-arm_5.2.7\lib\</path>
         <kind>archive</kind>
         <file>rtsv7M4_T_le_eabi.lib</file>
         <name>errno.obj</name>
      </input_file>
      <input_file id="fl-16c">
         <path>C:\ti\ccsv6\tools\compiler\ti-cgt-arm_5.2.7\lib\</path>
         <kind>archive</kind>
         <file>rtsv7M4_T_le_eabi.lib</file>
         <name>fd_cmp_t2.obj</name>
      </input_file>
      <input_file id="fl-16d">
         <path>C:\ti\ccsv6\tools\compiler\ti-cgt-arm_5.2.7\lib\</path>
         <kind>archive</kind>
         <file>rtsv7M4_T_le_eabi.lib</file>
         <name>fd_toi_t2.obj</name>
      </input_file>
      <input_file id="fl-16e">
         <path>C:\ti\ccsv6\tools\compiler\ti-cgt-arm_5.2.7\lib\</path>
         <kind>archive</kind>
         <file>rtsv7M4_T_le_eabi.lib</file>
         <name>feraiseexcept.obj</name>
      </input_file>
      <input_file id="fl-16f">
         <path>C:\ti\ccsv6\tools\compiler\ti-cgt-arm_5.2.7\lib\</path>
         <kind>archive</kind>
         <file>rtsv7M4_T_le_eabi.lib</file>
         <name>fflush.obj</name>
      </input_file>
      <input_file id="fl-170">
         <path>C:\ti\ccsv6\tools\compiler\ti-cgt-arm_5.2.7\lib\</path>
         <kind>archive</kind>
         <file>rtsv7M4_T_le_eabi.lib</file>
         <name>fputc.obj</name>
      </input_file>
      <input_file id="fl-171">
         <path>C:\ti\ccsv6\tools\compiler\ti-cgt-arm_5.2.7\lib\</path>
         <kind>archive</kind>
         <file>rtsv7M4_T_le_eabi.lib</file>
         <name>frexp.obj</name>
      </input_file>
      <input_file id="fl-172">
         <path>C:\ti\ccsv6\tools\compiler\ti-cgt-arm_5.2.7\lib\</path>
         <kind>archive</kind>
         <file>rtsv7M4_T_le_eabi.lib</file>
         <name>fs_toi_t2.obj</name>
      </input_file>
      <input_file id="fl-173">
         <path>C:\ti\ccsv6\tools\compiler\ti-cgt-arm_5.2.7\lib\</path>
         <kind>archive</kind>
         <file>rtsv7M4_T_le_eabi.lib</file>
         <name>fseek.obj</name>
      </input_file>
      <input_file id="fl-174">
         <path>C:\ti\ccsv6\tools\compiler\ti-cgt-arm_5.2.7\lib\</path>
         <kind>archive</kind>
         <file>rtsv7M4_T_le_eabi.lib</file>
         <name>ldexp.obj</name>
      </input_file>
      <input_file id="fl-175">
         <path>C:\ti\ccsv6\tools\compiler\ti-cgt-arm_5.2.7\lib\</path>
         <kind>archive</kind>
         <file>rtsv7M4_T_le_eabi.lib</file>
         <name>log.obj</name>
      </input_file>
      <input_file id="fl-176">
         <path>C:\ti\ccsv6\tools\compiler\ti-cgt-arm_5.2.7\lib\</path>
         <kind>archive</kind>
         <file>rtsv7M4_T_le_eabi.lib</file>
         <name>ltoa.obj</name>
      </input_file>
      <input_file id="fl-177">
         <path>C:\ti\ccsv6\tools\compiler\ti-cgt-arm_5.2.7\lib\</path>
         <kind>archive</kind>
         <file>rtsv7M4_T_le_eabi.lib</file>
         <name>memccpy.obj</name>
      </input_file>
      <input_file id="fl-178">
         <path>C:\ti\ccsv6\tools\compiler\ti-cgt-arm_5.2.7\lib\</path>
         <kind>archive</kind>
         <file>rtsv7M4_T_le_eabi.lib</file>
         <name>raise.obj</name>
      </input_file>
      <input_file id="fl-179">
         <path>C:\ti\ccsv6\tools\compiler\ti-cgt-arm_5.2.7\lib\</path>
         <kind>archive</kind>
         <file>rtsv7M4_T_le_eabi.lib</file>
         <name>setvbuf.obj</name>
      </input_file>
      <input_file id="fl-17a">
         <path>C:\ti\ccsv6\tools\compiler\ti-cgt-arm_5.2.7\lib\</path>
         <kind>archive</kind>
         <file>rtsv7M4_T_le_eabi.lib</file>
         <name>signal.obj</name>
      </input_file>
      <input_file id="fl-17b">
         <path>C:\ti\ccsv6\tools\compiler\ti-cgt-arm_5.2.7\lib\</path>
         <kind>archive</kind>
         <file>rtsv7M4_T_le_eabi.lib</file>
         <name>ull_div_t2.obj</name>
      </input_file>
      <input_file id="fl-17c">
         <path>C:\ti\ccsv6\tools\compiler\ti-cgt-arm_5.2.7\lib\</path>
         <kind>archive</kind>
         <file>rtsv7M4_T_le_eabi.lib</file>
         <name>xdclass.obj</name>
      </input_file>
      <input_file id="fl-17d">
         <path>C:\ti\ccsv6\tools\compiler\ti-cgt-arm_5.2.7\lib\</path>
         <kind>archive</kind>
         <file>rtsv7M4_T_le_eabi.lib</file>
         <name>xdnorm.obj</name>
      </input_file>
      <input_file id="fl-17e">
         <path>C:\ti\ccsv6\tools\compiler\ti-cgt-arm_5.2.7\lib\</path>
         <kind>archive</kind>
         <file>rtsv7M4_T_le_eabi.lib</file>
         <name>xdscale.obj</name>
      </input_file>
      <input_file id="fl-17f">
         <path>C:\ti\ccsv6\tools\compiler\ti-cgt-arm_5.2.7\lib\</path>
         <kind>archive</kind>
         <file>rtsv7M4_T_le_eabi.lib</file>
         <name>xlog.obj</name>
      </input_file>
      <input_file id="fl-180">
         <path>C:\ti\ccsv6\tools\compiler\ti-cgt-arm_5.2.7\lib\</path>
         <kind>archive</kind>
         <file>rtsv7M4_T_le_eabi.lib</file>
         <name>fopen.obj</name>
      </input_file>
      <input_file id="fl-181">
         <path>C:\ti\ccsv6\tools\compiler\ti-cgt-arm_5.2.7\lib\</path>
         <kind>archive</kind>
         <file>rtsv7M4_T_le_eabi.lib</file>
         <name>xfvalues.obj</name>
      </input_file>
      <input_file id="fl-182">
         <path>C:\ti\ccsv6\tools\compiler\ti-cgt-arm_5.2.7\lib\</path>
         <kind>archive</kind>
         <file>rtsv7M4_T_le_eabi.lib</file>
         <name>fclose.obj</name>
      </input_file>
      <input_file id="fl-183">
         <path>C:\ti\ccsv6\tools\compiler\ti-cgt-arm_5.2.7\lib\</path>
         <kind>archive</kind>
         <file>rtsv7M4_T_le_eabi.lib</file>
         <name>remove.obj</name>
      </input_file>
      <input_file id="fl-184">
         <path>C:\ti\CC3200SDK_1.0.0\cc3200-sdk\driverlib\ccs\Release\</path>
         <kind>archive</kind>
         <file>driverlib.a</file>
         <name>adc.obj</name>
      </input_file>
      <input_file id="fl-185">
         <path>C:\ti\CC3200SDK_1.0.0\cc3200-sdk\driverlib\ccs\Release\</path>
         <kind>archive</kind>
         <file>driverlib.a</file>
         <name>gpio.obj</name>
      </input_file>
      <input_file id="fl-186">
         <path>C:\ti\CC3200SDK_1.0.0\cc3200-sdk\driverlib\ccs\Release\</path>
         <kind>archive</kind>
         <file>driverlib.a</file>
         <name>i2c.obj</name>
      </input_file>
      <input_file id="fl-187">
         <path>C:\ti\CC3200SDK_1.0.0\cc3200-sdk\driverlib\ccs\Release\</path>
         <kind>archive</kind>
         <file>driverlib.a</file>
         <name>interrupt.obj</name>
      </input_file>
      <input_file id="fl-188">
         <path>C:\ti\CC3200SDK_1.0.0\cc3200-sdk\driverlib\ccs\Release\</path>
         <kind>archive</kind>
         <file>driverlib.a</file>
         <name>pin.obj</name>
      </input_file>
      <input_file id="fl-189">
         <path>C:\ti\CC3200SDK_1.0.0\cc3200-sdk\driverlib\ccs\Release\</path>
         <kind>archive</kind>
         <file>driverlib.a</file>
         <name>prcm.obj</name>
      </input_file>
      <input_file id="fl-18a">
         <path>C:\ti\CC3200SDK_1.0.0\cc3200-sdk\driverlib\ccs\Release\</path>
         <kind>archive</kind>
         <file>driverlib.a</file>
         <name>uart.obj</name>
      </input_file>
      <input_file id="fl-18b">
         <path>C:\ti\CC3200SDK_1.0.0\cc3200-sdk\driverlib\ccs\Release\</path>
         <kind>archive</kind>
         <file>driverlib.a</file>
         <name>utils.obj</name>
      </input_file>
      <input_file id="fl-18c">
         <path>C:\ti\CC3200SDK_1.0.0\cc3200-sdk\driverlib\ccs\Release\</path>
         <kind>archive</kind>
         <file>driverlib.a</file>
         <name>cpu.obj</name>
      </input_file>
      <input_file id="fl-18d">
         <path>C:\ti\CC3200SDK_1.0.0\cc3200-sdk\driverlib\ccs\Release\</path>
         <kind>archive</kind>
         <file>driverlib.a</file>
         <name>flash.obj</name>
      </input_file>
      <input_file id="fl-18e">
         <path>C:\ti\CC3200SDK_1.0.0\cc3200-sdk\simplelink\ccs\OS\</path>
         <kind>archive</kind>
         <file>simplelink.a</file>
         <name>device.obj</name>
      </input_file>
      <input_file id="fl-18f">
         <path>C:\ti\CC3200SDK_1.0.0\cc3200-sdk\simplelink\ccs\OS\</path>
         <kind>archive</kind>
         <file>simplelink.a</file>
         <name>driver.obj</name>
      </input_file>
      <input_file id="fl-190">
         <path>C:\ti\CC3200SDK_1.0.0\cc3200-sdk\simplelink\ccs\OS\</path>
         <kind>archive</kind>
         <file>simplelink.a</file>
         <name>flowcont.obj</name>
      </input_file>
      <input_file id="fl-191">
         <path>C:\ti\CC3200SDK_1.0.0\cc3200-sdk\simplelink\ccs\OS\</path>
         <kind>archive</kind>
         <file>simplelink.a</file>
         <name>fs.obj</name>
      </input_file>
      <input_file id="fl-192">
         <path>C:\ti\CC3200SDK_1.0.0\cc3200-sdk\simplelink\ccs\OS\</path>
         <kind>archive</kind>
         <file>simplelink.a</file>
         <name>netapp.obj</name>
      </input_file>
      <input_file id="fl-193">
         <path>C:\ti\CC3200SDK_1.0.0\cc3200-sdk\simplelink\ccs\OS\</path>
         <kind>archive</kind>
         <file>simplelink.a</file>
         <name>netcfg.obj</name>
      </input_file>
      <input_file id="fl-194">
         <path>C:\ti\CC3200SDK_1.0.0\cc3200-sdk\simplelink\ccs\OS\</path>
         <kind>archive</kind>
         <file>simplelink.a</file>
         <name>socket.obj</name>
      </input_file>
      <input_file id="fl-195">
         <path>C:\ti\CC3200SDK_1.0.0\cc3200-sdk\simplelink\ccs\OS\</path>
         <kind>archive</kind>
         <file>simplelink.a</file>
         <name>wlan.obj</name>
      </input_file>
      <input_file id="fl-196">
         <path>C:\ti\CC3200SDK_1.0.0\cc3200-sdk\simplelink\ccs\OS\</path>
         <kind>archive</kind>
         <file>simplelink.a</file>
         <name>cc_pal.obj</name>
      </input_file>
      <input_file id="fl-197">
         <path>C:\ti\CC3200SDK_1.0.0\cc3200-sdk\oslib\ccs\free_rtos\</path>
         <kind>archive</kind>
         <file>free_rtos.a</file>
         <name>osi_freertos.obj</name>
      </input_file>
      <input_file id="fl-198">
         <path>C:\ti\CC3200SDK_1.0.0\cc3200-sdk\oslib\ccs\free_rtos\</path>
         <kind>archive</kind>
         <file>free_rtos.a</file>
         <name>port.obj</name>
      </input_file>
      <input_file id="fl-199">
         <path>C:\ti\CC3200SDK_1.0.0\cc3200-sdk\oslib\ccs\free_rtos\</path>
         <kind>archive</kind>
         <file>free_rtos.a</file>
         <name>portasm.obj</name>
      </input_file>
      <input_file id="fl-19a">
         <path>C:\ti\CC3200SDK_1.0.0\cc3200-sdk\oslib\ccs\free_rtos\</path>
         <kind>archive</kind>
         <file>free_rtos.a</file>
         <name>queue.obj</name>
      </input_file>
      <input_file id="fl-19b">
         <path>C:\ti\CC3200SDK_1.0.0\cc3200-sdk\oslib\ccs\free_rtos\</path>
         <kind>archive</kind>
         <file>free_rtos.a</file>
         <name>tasks.obj</name>
      </input_file>
      <input_file id="fl-19c">
         <path>C:\ti\CC3200SDK_1.0.0\cc3200-sdk\oslib\ccs\free_rtos\</path>
         <kind>archive</kind>
         <file>free_rtos.a</file>
         <name>heap_3.obj</name>
      </input_file>
      <input_file id="fl-19d">
         <path>C:\ti\CC3200SDK_1.0.0\cc3200-sdk\oslib\ccs\free_rtos\</path>
         <kind>archive</kind>
         <file>free_rtos.a</file>
         <name>list.obj</name>
      </input_file>
      <input_file id="fl-19e">
         <path>C:\ti\CC3200SDK_1.0.0\cc3200-sdk\driverlib\ccs\Release\</path>
         <kind>archive</kind>
         <file>driverlib.a</file>
         <name>spi.obj</name>
      </input_file>
      <input_file id="fl-19f">
         <path>C:\ti\CC3200SDK_1.0.0\cc3200-sdk\driverlib\ccs\Release\</path>
         <kind>archive</kind>
         <file>driverlib.a</file>
         <name>udma.obj</name>
      </input_file>
   </input_file_list>
   <object_component_list>
      <object_component id="oc-f">
         <name>.intvecs</name>
         <load_address>0x20004000</load_address>
         <run_address>0x20004000</run_address>
         <size>0x400</size>
         <input_file_ref idref="fl-a"/>
      </object_component>
      <object_component id="oc-c3">
         <name>.text</name>
         <load_address>0x20004400</load_address>
         <run_address>0x20004400</run_address>
         <size>0x1a98</size>
         <input_file_ref idref="fl-7"/>
      </object_component>
      <object_component id="oc-87">
         <name>.text</name>
         <load_address>0x20005e98</load_address>
         <run_address>0x20005e98</run_address>
         <size>0x125c</size>
         <input_file_ref idref="fl-19b"/>
      </object_component>
      <object_component id="oc-2cf">
         <name>.text</name>
         <load_address>0x200070f4</load_address>
         <run_address>0x200070f4</run_address>
         <size>0x10a6</size>
         <input_file_ref idref="fl-166"/>
      </object_component>
      <object_component id="oc-69a">
         <name>.text:IntDefaultHandler</name>
         <load_address>0x2000819a</load_address>
         <run_address>0x2000819a</run_address>
         <size>0x2</size>
         <input_file_ref idref="fl-187"/>
      </object_component>
      <object_component id="oc-1bd">
         <name>.text</name>
         <load_address>0x2000819c</load_address>
         <run_address>0x2000819c</run_address>
         <size>0xc20</size>
         <input_file_ref idref="fl-d"/>
      </object_component>
      <object_component id="oc-3db">
         <name>.text</name>
         <load_address>0x20008dbc</load_address>
         <run_address>0x20008dbc</run_address>
         <size>0xb24</size>
         <input_file_ref idref="fl-19a"/>
      </object_component>
      <object_component id="oc-302">
         <name>.text</name>
         <load_address>0x200098e0</load_address>
         <run_address>0x200098e0</run_address>
         <size>0x480</size>
         <input_file_ref idref="fl-151"/>
      </object_component>
      <object_component id="oc-191">
         <name>.text</name>
         <load_address>0x20009d60</load_address>
         <run_address>0x20009d60</run_address>
         <size>0x45c</size>
         <input_file_ref idref="fl-197"/>
      </object_component>
      <object_component id="oc-150">
         <name>.text</name>
         <load_address>0x2000a1bc</load_address>
         <run_address>0x2000a1bc</run_address>
         <size>0x40c</size>
         <input_file_ref idref="fl-b"/>
      </object_component>
      <object_component id="oc-415">
         <name>.text</name>
         <load_address>0x2000a5c8</load_address>
         <run_address>0x2000a5c8</run_address>
         <size>0x3de</size>
         <input_file_ref idref="fl-e"/>
      </object_component>
      <object_component id="oc-250">
         <name>.text</name>
         <load_address>0x2000a9a8</load_address>
         <run_address>0x2000a9a8</run_address>
         <size>0x3dc</size>
         <input_file_ref idref="fl-14f"/>
      </object_component>
      <object_component id="oc-803">
         <name>.text:_SlDrvMsgRead</name>
         <load_address>0x2000ad84</load_address>
         <run_address>0x2000ad84</run_address>
         <size>0x3a6</size>
         <input_file_ref idref="fl-18f"/>
      </object_component>
      <object_component id="oc-167">
         <name>.text</name>
         <load_address>0x2000b12c</load_address>
         <run_address>0x2000b12c</run_address>
         <size>0x354</size>
         <input_file_ref idref="fl-5"/>
      </object_component>
      <object_component id="oc-7fd">
         <name>.text:_SlAsyncEventGenericHandler</name>
         <load_address>0x2000b480</load_address>
         <run_address>0x2000b480</run_address>
         <size>0x34c</size>
         <input_file_ref idref="fl-18f"/>
      </object_component>
      <object_component id="oc-2ec">
         <name>.text</name>
         <load_address>0x2000b7cc</load_address>
         <run_address>0x2000b7cc</run_address>
         <size>0x30c</size>
         <input_file_ref idref="fl-14a"/>
      </object_component>
      <object_component id="oc-1f6">
         <name>.text</name>
         <load_address>0x2000bad8</load_address>
         <run_address>0x2000bad8</run_address>
         <size>0x2e4</size>
         <input_file_ref idref="fl-6"/>
      </object_component>
      <object_component id="oc-7da">
         <name>.text</name>
         <load_address>0x2000bdbc</load_address>
         <run_address>0x2000bdbc</run_address>
         <size>0x2e4</size>
         <input_file_ref idref="fl-17f"/>
      </object_component>
      <object_component id="oc-7b5">
         <name>.text</name>
         <load_address>0x2000c0a0</load_address>
         <run_address>0x2000c0a0</run_address>
         <size>0x2d4</size>
         <input_file_ref idref="fl-15c"/>
      </object_component>
      <object_component id="oc-129">
         <name>.text</name>
         <load_address>0x2000c374</load_address>
         <run_address>0x2000c374</run_address>
         <size>0x26c</size>
         <input_file_ref idref="fl-c"/>
      </object_component>
      <object_component id="oc-5a4">
         <name>.text</name>
         <load_address>0x2000c5e0</load_address>
         <run_address>0x2000c5e0</run_address>
         <size>0x1fc</size>
         <input_file_ref idref="fl-161"/>
      </object_component>
      <object_component id="oc-504">
         <name>.text</name>
         <load_address>0x2000c7dc</load_address>
         <run_address>0x2000c7dc</run_address>
         <size>0x1f4</size>
         <input_file_ref idref="fl-17b"/>
      </object_component>
      <object_component id="oc-11f">
         <name>.text</name>
         <load_address>0x2000c9d0</load_address>
         <run_address>0x2000c9d0</run_address>
         <size>0x1ec</size>
         <input_file_ref idref="fl-3"/>
      </object_component>
      <object_component id="oc-79c">
         <name>.text</name>
         <load_address>0x2000cbbc</load_address>
         <run_address>0x2000cbbc</run_address>
         <size>0x1c4</size>
         <input_file_ref idref="fl-180"/>
      </object_component>
      <object_component id="oc-2f8">
         <name>.text</name>
         <load_address>0x2000cd80</load_address>
         <run_address>0x2000cd80</run_address>
         <size>0x1b6</size>
         <input_file_ref idref="fl-13e"/>
      </object_component>
      <object_component id="oc-85f">
         <name>.text:_SlDrvDataReadOp</name>
         <load_address>0x2000cf38</load_address>
         <run_address>0x2000cf38</run_address>
         <size>0x164</size>
         <input_file_ref idref="fl-18f"/>
      </object_component>
      <object_component id="oc-93c">
         <name>.text:_SlDrvRxHdrRead</name>
         <load_address>0x2000d09c</load_address>
         <run_address>0x2000d09c</run_address>
         <size>0x140</size>
         <input_file_ref idref="fl-18f"/>
      </object_component>
      <object_component id="oc-308">
         <name>.text</name>
         <load_address>0x2000d1dc</load_address>
         <run_address>0x2000d1dc</run_address>
         <size>0x136</size>
         <input_file_ref idref="fl-13f"/>
      </object_component>
      <object_component id="oc-1e4">
         <name>.text:PRCMCC3200MCUInit</name>
         <load_address>0x2000d314</load_address>
         <run_address>0x2000d314</run_address>
         <size>0x134</size>
         <input_file_ref idref="fl-189"/>
      </object_component>
      <object_component id="oc-13e">
         <name>.text</name>
         <load_address>0x2000d448</load_address>
         <run_address>0x2000d448</run_address>
         <size>0x134</size>
         <input_file_ref idref="fl-142"/>
      </object_component>
      <object_component id="oc-39e">
         <name>.text:spi_Open</name>
         <load_address>0x2000d57c</load_address>
         <run_address>0x2000d57c</run_address>
         <size>0x130</size>
         <input_file_ref idref="fl-196"/>
      </object_component>
      <object_component id="oc-858">
         <name>.text:_SlDrvDataWriteOp</name>
         <load_address>0x2000d6ac</load_address>
         <run_address>0x2000d6ac</run_address>
         <size>0x12c</size>
         <input_file_ref idref="fl-18f"/>
      </object_component>
      <object_component id="oc-e2">
         <name>.text</name>
         <load_address>0x2000d7d8</load_address>
         <run_address>0x2000d7d8</run_address>
         <size>0x12a</size>
         <input_file_ref idref="fl-19d"/>
      </object_component>
      <object_component id="oc-406">
         <name>.text:sl_NetAppPingStart</name>
         <load_address>0x2000d904</load_address>
         <run_address>0x2000d904</run_address>
         <size>0x124</size>
         <input_file_ref idref="fl-192"/>
      </object_component>
      <object_component id="oc-5c7">
         <name>.text:_SlDrvMsgWrite</name>
         <load_address>0x2000da28</load_address>
         <run_address>0x2000da28</run_address>
         <size>0x114</size>
         <input_file_ref idref="fl-18f"/>
      </object_component>
      <object_component id="oc-38">
         <name>.text</name>
         <load_address>0x2000db3c</load_address>
         <run_address>0x2000db3c</run_address>
         <size>0x110</size>
         <input_file_ref idref="fl-198"/>
      </object_component>
      <object_component id="oc-77e">
         <name>.text</name>
         <load_address>0x2000dc4c</load_address>
         <run_address>0x2000dc4c</run_address>
         <size>0x110</size>
         <input_file_ref idref="fl-17e"/>
      </object_component>
      <object_component id="oc-35b">
         <name>.text:_SlDrvWaitForPoolObj</name>
         <load_address>0x2000dd5c</load_address>
         <run_address>0x2000dd5c</run_address>
         <size>0x10c</size>
         <input_file_ref idref="fl-18f"/>
      </object_component>
      <object_component id="oc-361">
         <name>.text:_SlDrvReleasePoolObj</name>
         <load_address>0x2000de68</load_address>
         <run_address>0x2000de68</run_address>
         <size>0x104</size>
         <input_file_ref idref="fl-18f"/>
      </object_component>
      <object_component id="oc-2fd">
         <name>.text</name>
         <load_address>0x2000df6c</load_address>
         <run_address>0x2000df6c</run_address>
         <size>0xfc</size>
         <input_file_ref idref="fl-140"/>
      </object_component>
      <object_component id="oc-1ae">
         <name>.text</name>
         <load_address>0x2000e068</load_address>
         <run_address>0x2000e068</run_address>
         <size>0xfa</size>
         <input_file_ref idref="fl-143"/>
      </object_component>
      <object_component id="oc-8fc">
         <name>.text:uDMAChannelTransferSet</name>
         <load_address>0x2000e164</load_address>
         <run_address>0x2000e164</run_address>
         <size>0xf0</size>
         <input_file_ref idref="fl-19f"/>
      </object_component>
      <object_component id="oc-6db">
         <name>.text:sl_Connect</name>
         <load_address>0x2000e254</load_address>
         <run_address>0x2000e254</run_address>
         <size>0xe8</size>
         <input_file_ref idref="fl-194"/>
      </object_component>
      <object_component id="oc-7f3">
         <name>.text:spi_Write</name>
         <load_address>0x2000e33c</load_address>
         <run_address>0x2000e33c</run_address>
         <size>0xe8</size>
         <input_file_ref idref="fl-196"/>
      </object_component>
      <object_component id="oc-55e">
         <name>.text</name>
         <load_address>0x2000e424</load_address>
         <run_address>0x2000e424</run_address>
         <size>0xdc</size>
         <input_file_ref idref="fl-179"/>
      </object_component>
      <object_component id="oc-400">
         <name>.text:sl_NetAppDnsGetHostByName</name>
         <load_address>0x2000e500</load_address>
         <run_address>0x2000e500</run_address>
         <size>0xd8</size>
         <input_file_ref idref="fl-192"/>
      </object_component>
      <object_component id="oc-19d">
         <name>.text</name>
         <load_address>0x2000e5d8</load_address>
         <run_address>0x2000e5d8</run_address>
         <size>0xcc</size>
         <input_file_ref idref="fl-9"/>
      </object_component>
      <object_component id="oc-948">
         <name>.text:spi_Read</name>
         <load_address>0x2000e6a4</load_address>
         <run_address>0x2000e6a4</run_address>
         <size>0xcc</size>
         <input_file_ref idref="fl-196"/>
      </object_component>
      <object_component id="oc-2e6">
         <name>.text</name>
         <load_address>0x2000e770</load_address>
         <run_address>0x2000e770</run_address>
         <size>0xc8</size>
         <input_file_ref idref="fl-16f"/>
      </object_component>
      <object_component id="oc-179">
         <name>.text:sl_Stop</name>
         <load_address>0x2000e838</load_address>
         <run_address>0x2000e838</run_address>
         <size>0xc4</size>
         <input_file_ref idref="fl-18e"/>
      </object_component>
      <object_component id="oc-592">
         <name>.text</name>
         <load_address>0x2000e8fc</load_address>
         <run_address>0x2000e8fc</run_address>
         <size>0xc0</size>
         <input_file_ref idref="fl-15f"/>
      </object_component>
      <object_component id="oc-17f">
         <name>.text:sl_Start</name>
         <load_address>0x2000e9bc</load_address>
         <run_address>0x2000e9bc</run_address>
         <size>0xc0</size>
         <input_file_ref idref="fl-18e"/>
      </object_component>
      <object_component id="oc-7c4">
         <name>.text</name>
         <load_address>0x2000ea7c</load_address>
         <run_address>0x2000ea7c</run_address>
         <size>0xbe</size>
         <input_file_ref idref="fl-17d"/>
      </object_component>
      <object_component id="oc-33">
         <name>.text</name>
         <load_address>0x2000eb3c</load_address>
         <run_address>0x2000eb3c</run_address>
         <size>0xba</size>
         <input_file_ref idref="fl-199"/>
      </object_component>
      <object_component id="oc-1a3">
         <name>.text</name>
         <load_address>0x2000ebf8</load_address>
         <run_address>0x2000ebf8</run_address>
         <size>0xb8</size>
         <input_file_ref idref="fl-4"/>
      </object_component>
      <object_component id="oc-5cd">
         <name>.text:_SlDrvMsgReadCmdCtx</name>
         <load_address>0x2000ecb0</load_address>
         <run_address>0x2000ecb0</run_address>
         <size>0xb4</size>
         <input_file_ref idref="fl-18f"/>
      </object_component>
      <object_component id="oc-1ea">
         <name>.text</name>
         <load_address>0x2000ed64</load_address>
         <run_address>0x2000ed64</run_address>
         <size>0xb4</size>
         <input_file_ref idref="fl-8"/>
      </object_component>
      <object_component id="oc-9b8">
         <name>.text:_SlDrvNetAppEventHandler</name>
         <load_address>0x2000ee18</load_address>
         <run_address>0x2000ee18</run_address>
         <size>0xb2</size>
         <input_file_ref idref="fl-192"/>
      </object_component>
      <object_component id="oc-6e7">
         <name>.text:sl_Send</name>
         <load_address>0x2000eecc</load_address>
         <run_address>0x2000eecc</run_address>
         <size>0xb0</size>
         <input_file_ref idref="fl-194"/>
      </object_component>
      <object_component id="oc-2da">
         <name>.text</name>
         <load_address>0x2000ef7c</load_address>
         <run_address>0x2000ef7c</run_address>
         <size>0xac</size>
         <input_file_ref idref="fl-164"/>
      </object_component>
      <object_component id="oc-3cf">
         <name>.text:IntDisable</name>
         <load_address>0x2000f028</load_address>
         <run_address>0x2000f028</run_address>
         <size>0xa8</size>
         <input_file_ref idref="fl-187"/>
      </object_component>
      <object_component id="oc-1de">
         <name>.text:IntEnable</name>
         <load_address>0x2000f0d0</load_address>
         <run_address>0x2000f0d0</run_address>
         <size>0xa8</size>
         <input_file_ref idref="fl-187"/>
      </object_component>
      <object_component id="oc-643">
         <name>.text:SPIConfigSetExpClk</name>
         <load_address>0x2000f178</load_address>
         <run_address>0x2000f178</run_address>
         <size>0xa0</size>
         <input_file_ref idref="fl-19e"/>
      </object_component>
      <object_component id="oc-41">
         <name>.text</name>
         <load_address>0x2000f218</load_address>
         <run_address>0x2000f218</run_address>
         <size>0x9c</size>
         <input_file_ref idref="fl-14d"/>
      </object_component>
      <object_component id="oc-94e">
         <name>.text:_SlFindAndSetActiveObj</name>
         <load_address>0x2000f2b4</load_address>
         <run_address>0x2000f2b4</run_address>
         <size>0x98</size>
         <input_file_ref idref="fl-18f"/>
      </object_component>
      <object_component id="oc-8ae">
         <name>.text</name>
         <load_address>0x2000f34c</load_address>
         <run_address>0x2000f34c</run_address>
         <size>0x98</size>
         <input_file_ref idref="fl-182"/>
      </object_component>
      <object_component id="oc-2c9">
         <name>.text</name>
         <load_address>0x2000f3e4</load_address>
         <run_address>0x2000f3e4</run_address>
         <size>0x98</size>
         <input_file_ref idref="fl-170"/>
      </object_component>
      <object_component id="oc-279">
         <name>.text:PRCMPeripheralClockGet</name>
         <load_address>0x2000f47c</load_address>
         <run_address>0x2000f47c</run_address>
         <size>0x94</size>
         <input_file_ref idref="fl-189"/>
      </object_component>
      <object_component id="oc-942">
         <name>.text:_SlDrvClassifyRxMsg</name>
         <load_address>0x2000f510</load_address>
         <run_address>0x2000f510</run_address>
         <size>0x94</size>
         <input_file_ref idref="fl-18f"/>
      </object_component>
      <object_component id="oc-1c8">
         <name>.text</name>
         <load_address>0x2000f5a4</load_address>
         <run_address>0x2000f5a4</run_address>
         <size>0x94</size>
         <input_file_ref idref="fl-154"/>
      </object_component>
      <object_component id="oc-1b8">
         <name>.text</name>
         <load_address>0x2000f638</load_address>
         <run_address>0x2000f638</run_address>
         <size>0x92</size>
         <input_file_ref idref="fl-144"/>
      </object_component>
      <object_component id="oc-688">
         <name>.text:_SlDrvMsgReadSpawnCtx</name>
         <load_address>0x2000f6cc</load_address>
         <run_address>0x2000f6cc</run_address>
         <size>0x90</size>
         <input_file_ref idref="fl-18f"/>
      </object_component>
      <object_component id="oc-70b">
         <name>.text:sl_FsRead</name>
         <load_address>0x2000f75c</load_address>
         <run_address>0x2000f75c</run_address>
         <size>0x8c</size>
         <input_file_ref idref="fl-191"/>
      </object_component>
      <object_component id="oc-705">
         <name>.text:sl_FsWrite</name>
         <load_address>0x2000f7e8</load_address>
         <run_address>0x2000f7e8</run_address>
         <size>0x8c</size>
         <input_file_ref idref="fl-191"/>
      </object_component>
      <object_component id="oc-1f0">
         <name>.text:PinConfigSet</name>
         <load_address>0x2000f874</load_address>
         <run_address>0x2000f874</run_address>
         <size>0x88</size>
         <input_file_ref idref="fl-188"/>
      </object_component>
      <object_component id="oc-285">
         <name>.text</name>
         <load_address>0x2000f8fc</load_address>
         <run_address>0x2000f8fc</run_address>
         <size>0x88</size>
         <input_file_ref idref="fl-15e"/>
      </object_component>
      <object_component id="oc-509">
         <name>.text:__aeabi_cdcmple</name>
         <load_address>0x2000f984</load_address>
         <run_address>0x2000f984</run_address>
         <size>0x86</size>
         <input_file_ref idref="fl-16c"/>
      </object_component>
      <object_component id="oc-50e">
         <name>.text:__aeabi_cdrcmple</name>
         <load_address>0x2000fa0a</load_address>
         <run_address>0x2000fa0a</run_address>
         <size>0x86</size>
         <input_file_ref idref="fl-16c"/>
      </object_component>
      <object_component id="oc-4c6">
         <name>.text:I2CMasterInitExpClk</name>
         <load_address>0x2000fa90</load_address>
         <run_address>0x2000fa90</run_address>
         <size>0x84</size>
         <input_file_ref idref="fl-186"/>
      </object_component>
      <object_component id="oc-34a">
         <name>.text:_SlDrvCmdOp</name>
         <load_address>0x2000fb14</load_address>
         <run_address>0x2000fb14</run_address>
         <size>0x84</size>
         <input_file_ref idref="fl-18f"/>
      </object_component>
      <object_component id="oc-322">
         <name>.text:GPIOIntTypeSet</name>
         <load_address>0x2000fb98</load_address>
         <run_address>0x2000fb98</run_address>
         <size>0x82</size>
         <input_file_ref idref="fl-185"/>
      </object_component>
      <object_component id="oc-392">
         <name>.text:NwpPowerOnPreamble</name>
         <load_address>0x2000fc1c</load_address>
         <run_address>0x2000fc1c</run_address>
         <size>0x80</size>
         <input_file_ref idref="fl-196"/>
      </object_component>
      <object_component id="oc-398">
         <name>.text:_SlDrvDriverCBInit</name>
         <load_address>0x2000fc9c</load_address>
         <run_address>0x2000fc9c</run_address>
         <size>0x7c</size>
         <input_file_ref idref="fl-18f"/>
      </object_component>
      <object_component id="oc-921">
         <name>.text:_sl_HandleAsync_DnsGetHostByName</name>
         <load_address>0x2000fd18</load_address>
         <run_address>0x2000fd18</run_address>
         <size>0x7c</size>
         <input_file_ref idref="fl-192"/>
      </object_component>
      <object_component id="oc-6ff">
         <name>.text:sl_FsClose</name>
         <load_address>0x2000fd94</load_address>
         <run_address>0x2000fd94</run_address>
         <size>0x7c</size>
         <input_file_ref idref="fl-191"/>
      </object_component>
      <object_component id="oc-5a">
         <name>.text</name>
         <load_address>0x2000fe10</load_address>
         <run_address>0x2000fe10</run_address>
         <size>0x7a</size>
         <input_file_ref idref="fl-150"/>
      </object_component>
      <object_component id="oc-9c5">
         <name>.text:SetupDMAReceive</name>
         <load_address>0x2000fe8c</load_address>
         <run_address>0x2000fe8c</run_address>
         <size>0x78</size>
         <input_file_ref idref="fl-196"/>
      </object_component>
      <object_component id="oc-711">
         <name>.text:sl_NetCfgGet</name>
         <load_address>0x2000ff04</load_address>
         <run_address>0x2000ff04</run_address>
         <size>0x78</size>
         <input_file_ref idref="fl-193"/>
      </object_component>
      <object_component id="oc-27f">
         <name>.text:UARTConfigSetExpClk</name>
         <load_address>0x2000ff7c</load_address>
         <run_address>0x2000ff7c</run_address>
         <size>0x76</size>
         <input_file_ref idref="fl-18a"/>
      </object_component>
      <object_component id="oc-9f6">
         <name>.text:_sl_HandleAsync_InitComplete</name>
         <load_address>0x2000fff4</load_address>
         <run_address>0x2000fff4</run_address>
         <size>0x74</size>
         <input_file_ref idref="fl-18e"/>
      </object_component>
      <object_component id="oc-197">
         <name>.text:sl_WlanGet</name>
         <load_address>0x20010068</load_address>
         <run_address>0x20010068</run_address>
         <size>0x74</size>
         <input_file_ref idref="fl-195"/>
      </object_component>
      <object_component id="oc-373">
         <name>.text:spi_Close</name>
         <load_address>0x200100dc</load_address>
         <run_address>0x200100dc</run_address>
         <size>0x74</size>
         <input_file_ref idref="fl-196"/>
      </object_component>
      <object_component id="oc-92d">
         <name>.text:_sl_HandleAsync_PingResponse</name>
         <load_address>0x20010150</load_address>
         <run_address>0x20010150</run_address>
         <size>0x70</size>
         <input_file_ref idref="fl-192"/>
      </object_component>
      <object_component id="oc-138">
         <name>.text</name>
         <load_address>0x200101c0</load_address>
         <run_address>0x200101c0</run_address>
         <size>0x70</size>
         <input_file_ref idref="fl-153"/>
      </object_component>
      <object_component id="oc-3f1">
         <name>.text:sl_WlanSmartConfigStart</name>
         <load_address>0x20010230</load_address>
         <run_address>0x20010230</run_address>
         <size>0x70</size>
         <input_file_ref idref="fl-195"/>
      </object_component>
      <object_component id="oc-852">
         <name>.text:_sl_TruncatePayloadByProtocol</name>
         <load_address>0x200102a0</load_address>
         <run_address>0x200102a0</run_address>
         <size>0x6e</size>
         <input_file_ref idref="fl-194"/>
      </object_component>
      <object_component id="oc-312">
         <name>.text</name>
         <load_address>0x2001030e</load_address>
         <run_address>0x2001030e</run_address>
         <size>0x6e</size>
         <input_file_ref idref="fl-141"/>
      </object_component>
      <object_component id="oc-6c">
         <name>.text</name>
         <load_address>0x2001037c</load_address>
         <run_address>0x2001037c</run_address>
         <size>0x6c</size>
         <input_file_ref idref="fl-168"/>
      </object_component>
      <object_component id="oc-4d">
         <name>.text</name>
         <load_address>0x200103e8</load_address>
         <run_address>0x200103e8</run_address>
         <size>0x6a</size>
         <input_file_ref idref="fl-13a"/>
      </object_component>
      <object_component id="oc-915">
         <name>.text:_sl_HandleAsync_Connect</name>
         <load_address>0x20010454</load_address>
         <run_address>0x20010454</run_address>
         <size>0x68</size>
         <input_file_ref idref="fl-194"/>
      </object_component>
      <object_component id="oc-927">
         <name>.text:_sl_HandleAsync_DnsGetHostByService</name>
         <load_address>0x200104bc</load_address>
         <run_address>0x200104bc</run_address>
         <size>0x68</size>
         <input_file_ref idref="fl-192"/>
      </object_component>
      <object_component id="oc-8bd">
         <name>.text</name>
         <load_address>0x20010524</load_address>
         <run_address>0x20010524</run_address>
         <size>0x68</size>
         <input_file_ref idref="fl-15d"/>
      </object_component>
      <object_component id="oc-58c">
         <name>.text</name>
         <load_address>0x2001058c</load_address>
         <run_address>0x2001058c</run_address>
         <size>0x66</size>
         <input_file_ref idref="fl-160"/>
      </object_component>
      <object_component id="oc-6f3">
         <name>.text:_sl_GetCreateFsMode</name>
         <load_address>0x200105f4</load_address>
         <run_address>0x200105f4</run_address>
         <size>0x64</size>
         <input_file_ref idref="fl-191"/>
      </object_component>
      <object_component id="oc-90f">
         <name>.text:_sl_HandleAsync_Accept</name>
         <load_address>0x20010658</load_address>
         <run_address>0x20010658</run_address>
         <size>0x64</size>
         <input_file_ref idref="fl-194"/>
      </object_component>
      <object_component id="oc-558">
         <name>.text</name>
         <load_address>0x200106bc</load_address>
         <run_address>0x200106bc</run_address>
         <size>0x64</size>
         <input_file_ref idref="fl-173"/>
      </object_component>
      <object_component id="oc-655">
         <name>.text:uDMAChannelAttributeDisable</name>
         <load_address>0x20010720</load_address>
         <run_address>0x20010720</run_address>
         <size>0x64</size>
         <input_file_ref idref="fl-19f"/>
      </object_component>
      <object_component id="oc-8f6">
         <name>.text:uDMAChannelAttributeEnable</name>
         <load_address>0x20010784</load_address>
         <run_address>0x20010784</run_address>
         <size>0x64</size>
         <input_file_ref idref="fl-19f"/>
      </object_component>
      <object_component id="oc-5ec">
         <name>.text:IntPendClear</name>
         <load_address>0x200107e8</load_address>
         <run_address>0x200107e8</run_address>
         <size>0x58</size>
         <input_file_ref idref="fl-187"/>
      </object_component>
      <object_component id="oc-466">
         <name>.text:PRCMPeripheralReset</name>
         <load_address>0x20010840</load_address>
         <run_address>0x20010840</run_address>
         <size>0x58</size>
         <input_file_ref idref="fl-189"/>
      </object_component>
      <object_component id="oc-379">
         <name>.text:_SlDrvDriverCBDeinit</name>
         <load_address>0x20010898</load_address>
         <run_address>0x20010898</run_address>
         <size>0x58</size>
         <input_file_ref idref="fl-18f"/>
      </object_component>
      <object_component id="oc-91b">
         <name>.text:_sl_HandleAsync_Select</name>
         <load_address>0x200108f0</load_address>
         <run_address>0x200108f0</run_address>
         <size>0x58</size>
         <input_file_ref idref="fl-194"/>
      </object_component>
      <object_component id="oc-518">
         <name>.text</name>
         <load_address>0x20010948</load_address>
         <run_address>0x20010948</run_address>
         <size>0x56</size>
         <input_file_ref idref="fl-176"/>
      </object_component>
      <object_component id="oc-3c9">
         <name>.text:IntPrioritySet</name>
         <load_address>0x200109a0</load_address>
         <run_address>0x200109a0</run_address>
         <size>0x54</size>
         <input_file_ref idref="fl-187"/>
      </object_component>
      <object_component id="oc-933">
         <name>.text:_sl_HandleAsync_Stop</name>
         <load_address>0x200109f4</load_address>
         <run_address>0x200109f4</run_address>
         <size>0x54</size>
         <input_file_ref idref="fl-18e"/>
      </object_component>
      <object_component id="oc-6f9">
         <name>.text:sl_FsOpen</name>
         <load_address>0x20010a48</load_address>
         <run_address>0x20010a48</run_address>
         <size>0x54</size>
         <input_file_ref idref="fl-191"/>
      </object_component>
      <object_component id="oc-9ef">
         <name>.text:sl_NetAppSendTokenValue</name>
         <load_address>0x20010a9c</load_address>
         <run_address>0x20010a9c</run_address>
         <size>0x54</size>
         <input_file_ref idref="fl-192"/>
      </object_component>
      <object_component id="oc-66d">
         <name>.text:SPIIntEnable</name>
         <load_address>0x20010af0</load_address>
         <run_address>0x20010af0</run_address>
         <size>0x4c</size>
         <input_file_ref idref="fl-19e"/>
      </object_component>
      <object_component id="oc-53c">
         <name>.text</name>
         <load_address>0x20010b3c</load_address>
         <run_address>0x20010b3c</run_address>
         <size>0x4c</size>
         <input_file_ref idref="fl-137"/>
      </object_component>
      <object_component id="oc-bb">
         <name>.text</name>
         <load_address>0x20010b88</load_address>
         <run_address>0x20010b88</run_address>
         <size>0x4c</size>
         <input_file_ref idref="fl-169"/>
      </object_component>
      <object_component id="oc-6e1">
         <name>.text:sl_SetSockOpt</name>
         <load_address>0x20010bd4</load_address>
         <run_address>0x20010bd4</run_address>
         <size>0x4c</size>
         <input_file_ref idref="fl-194"/>
      </object_component>
      <object_component id="oc-64f">
         <name>.text:uDMAChannelAssign</name>
         <load_address>0x20010c20</load_address>
         <run_address>0x20010c20</run_address>
         <size>0x4c</size>
         <input_file_ref idref="fl-19f"/>
      </object_component>
      <object_component id="oc-3aa">
         <name>.text:_sl_GetStartResponseConvert</name>
         <load_address>0x20010c6c</load_address>
         <run_address>0x20010c6c</run_address>
         <size>0x4a</size>
         <input_file_ref idref="fl-18e"/>
      </object_component>
      <object_component id="oc-5b8">
         <name>.text:GPIOGetIntNumber</name>
         <load_address>0x20010cb6</load_address>
         <run_address>0x20010cb6</run_address>
         <size>0x48</size>
         <input_file_ref idref="fl-185"/>
      </object_component>
      <object_component id="oc-82a">
         <name>.text:SPIIntClear</name>
         <load_address>0x20010d00</load_address>
         <run_address>0x20010d00</run_address>
         <size>0x48</size>
         <input_file_ref idref="fl-19e"/>
      </object_component>
      <object_component id="oc-513">
         <name>.text</name>
         <load_address>0x20010d48</load_address>
         <run_address>0x20010d48</run_address>
         <size>0x48</size>
         <input_file_ref idref="fl-16d"/>
      </object_component>
      <object_component id="oc-1b3">
         <name>.text</name>
         <load_address>0x20010d90</load_address>
         <run_address>0x20010d90</run_address>
         <size>0x48</size>
         <input_file_ref idref="fl-149"/>
      </object_component>
      <object_component id="oc-524">
         <name>.text</name>
         <load_address>0x20010dd8</load_address>
         <run_address>0x20010dd8</run_address>
         <size>0x46</size>
         <input_file_ref idref="fl-174"/>
      </object_component>
      <object_component id="oc-822">
         <name>.text:SPIDmaMaskGet</name>
         <load_address>0x20010e20</load_address>
         <run_address>0x20010e20</run_address>
         <size>0x44</size>
         <input_file_ref idref="fl-19e"/>
      </object_component>
      <object_component id="oc-78">
         <name>.text</name>
         <load_address>0x20010e64</load_address>
         <run_address>0x20010e64</run_address>
         <size>0x44</size>
         <input_file_ref idref="fl-13d"/>
      </object_component>
      <object_component id="oc-6ed">
         <name>.text:sl_Recv</name>
         <load_address>0x20010ea8</load_address>
         <run_address>0x20010ea8</run_address>
         <size>0x44</size>
         <input_file_ref idref="fl-194"/>
      </object_component>
      <object_component id="oc-745">
         <name>.text:PinModeSet</name>
         <load_address>0x20010eec</load_address>
         <run_address>0x20010eec</run_address>
         <size>0x40</size>
         <input_file_ref idref="fl-188"/>
      </object_component>
      <object_component id="oc-3b0">
         <name>.text:_SlDrvRxIrqHandler</name>
         <load_address>0x20010f2c</load_address>
         <run_address>0x20010f2c</run_address>
         <size>0x40</size>
         <input_file_ref idref="fl-18f"/>
      </object_component>
      <object_component id="oc-5e5">
         <name>.text:_SlRemoveFromList</name>
         <load_address>0x20010f6c</load_address>
         <run_address>0x20010f6c</run_address>
         <size>0x40</size>
         <input_file_ref idref="fl-18f"/>
      </object_component>
      <object_component id="oc-98c">
         <name>.text</name>
         <load_address>0x20010fac</load_address>
         <run_address>0x20010fac</run_address>
         <size>0x40</size>
         <input_file_ref idref="fl-17a"/>
      </object_component>
      <object_component id="oc-3eb">
         <name>.text:sl_WlanPolicySet</name>
         <load_address>0x20010fec</load_address>
         <run_address>0x20010fec</run_address>
         <size>0x40</size>
         <input_file_ref idref="fl-195"/>
      </object_component>
      <object_component id="oc-36d">
         <name>.text:NwpPowerOff</name>
         <load_address>0x2001102c</load_address>
         <run_address>0x2001102c</run_address>
         <size>0x3c</size>
         <input_file_ref idref="fl-196"/>
      </object_component>
      <object_component id="oc-460">
         <name>.text:PRCMPeripheralClkEnable</name>
         <load_address>0x20011068</load_address>
         <run_address>0x20011068</run_address>
         <size>0x3c</size>
         <input_file_ref idref="fl-189"/>
      </object_component>
      <object_component id="oc-636">
         <name>.text:_SlDrvObjInit</name>
         <load_address>0x200110a4</load_address>
         <run_address>0x200110a4</run_address>
         <size>0x3c</size>
         <input_file_ref idref="fl-18f"/>
      </object_component>
      <object_component id="oc-24">
         <name>.text</name>
         <load_address>0x200110e0</load_address>
         <run_address>0x200110e0</run_address>
         <size>0x3c</size>
         <input_file_ref idref="fl-138"/>
      </object_component>
      <object_component id="oc-8f0">
         <name>.text:uDMAChannelControlSet</name>
         <load_address>0x2001111c</load_address>
         <run_address>0x2001111c</run_address>
         <size>0x3c</size>
         <input_file_ref idref="fl-19f"/>
      </object_component>
      <object_component id="oc-21a">
         <name>.text:ADCChannelDisable</name>
         <load_address>0x20011158</load_address>
         <run_address>0x20011158</run_address>
         <size>0x38</size>
         <input_file_ref idref="fl-184"/>
      </object_component>
      <object_component id="oc-214">
         <name>.text:ADCChannelEnable</name>
         <load_address>0x20011190</load_address>
         <run_address>0x20011190</run_address>
         <size>0x38</size>
         <input_file_ref idref="fl-184"/>
      </object_component>
      <object_component id="oc-f2">
         <name>.text</name>
         <load_address>0x200111c8</load_address>
         <run_address>0x200111c8</run_address>
         <size>0x38</size>
         <input_file_ref idref="fl-19c"/>
      </object_component>
      <object_component id="oc-1c3">
         <name>.text</name>
         <load_address>0x20011200</load_address>
         <run_address>0x20011200</run_address>
         <size>0x38</size>
         <input_file_ref idref="fl-145"/>
      </object_component>
      <object_component id="oc-319">
         <name>.text</name>
         <load_address>0x20011238</load_address>
         <run_address>0x20011238</run_address>
         <size>0x38</size>
         <input_file_ref idref="fl-172"/>
      </object_component>
      <object_component id="oc-1a9">
         <name>.text</name>
         <load_address>0x20011270</load_address>
         <run_address>0x20011270</run_address>
         <size>0x38</size>
         <input_file_ref idref="fl-148"/>
      </object_component>
      <object_component id="oc-6cf">
         <name>.text:sl_Htonl</name>
         <load_address>0x200112a8</load_address>
         <run_address>0x200112a8</run_address>
         <size>0x38</size>
         <input_file_ref idref="fl-194"/>
      </object_component>
      <object_component id="oc-47f">
         <name>.text:GPIODirModeSet</name>
         <load_address>0x200112e0</load_address>
         <run_address>0x200112e0</run_address>
         <size>0x36</size>
         <input_file_ref idref="fl-185"/>
      </object_component>
      <object_component id="oc-649">
         <name>.text:PRCMPeripheralStatusGet</name>
         <load_address>0x20011318</load_address>
         <run_address>0x20011318</run_address>
         <size>0x34</size>
         <input_file_ref idref="fl-189"/>
      </object_component>
      <object_component id="oc-667">
         <name>.text:SPIFIFOLevelSet</name>
         <load_address>0x2001134c</load_address>
         <run_address>0x2001134c</run_address>
         <size>0x34</size>
         <input_file_ref idref="fl-19e"/>
      </object_component>
      <object_component id="oc-6ae">
         <name>.text:_SlDrvBasicCmd</name>
         <load_address>0x20011380</load_address>
         <run_address>0x20011380</run_address>
         <size>0x34</size>
         <input_file_ref idref="fl-18f"/>
      </object_component>
      <object_component id="oc-7d0">
         <name>.text</name>
         <load_address>0x200113b4</load_address>
         <run_address>0x200113b4</run_address>
         <size>0x34</size>
         <input_file_ref idref="fl-16e"/>
      </object_component>
      <object_component id="oc-156">
         <name>.text</name>
         <load_address>0x200113e8</load_address>
         <run_address>0x200113e8</run_address>
         <size>0x34</size>
         <input_file_ref idref="fl-146"/>
      </object_component>
      <object_component id="oc-71a">
         <name>.text</name>
         <load_address>0x2001141c</load_address>
         <run_address>0x2001141c</run_address>
         <size>0x34</size>
         <input_file_ref idref="fl-15b"/>
      </object_component>
      <object_component id="oc-6c9">
         <name>.text:sl_Htons</name>
         <load_address>0x20011450</load_address>
         <run_address>0x20011450</run_address>
         <size>0x34</size>
         <input_file_ref idref="fl-194"/>
      </object_component>
      <object_component id="oc-3a4">
         <name>.text:NwpPowerOn</name>
         <load_address>0x20011484</load_address>
         <run_address>0x20011484</run_address>
         <size>0x30</size>
         <input_file_ref idref="fl-196"/>
      </object_component>
      <object_component id="oc-479">
         <name>.text:PinTypeGPIO</name>
         <load_address>0x200114b4</load_address>
         <run_address>0x200114b4</run_address>
         <size>0x30</size>
         <input_file_ref idref="fl-188"/>
      </object_component>
      <object_component id="oc-4e8">
         <name>.text:UARTDisable</name>
         <load_address>0x200114e4</load_address>
         <run_address>0x200114e4</run_address>
         <size>0x30</size>
         <input_file_ref idref="fl-18a"/>
      </object_component>
      <object_component id="oc-573">
         <name>.text</name>
         <load_address>0x20011514</load_address>
         <run_address>0x20011514</run_address>
         <size>0x30</size>
         <input_file_ref idref="fl-15a"/>
      </object_component>
      <object_component id="oc-598">
         <name>.text</name>
         <load_address>0x20011544</load_address>
         <run_address>0x20011544</run_address>
         <size>0x30</size>
         <input_file_ref idref="fl-162"/>
      </object_component>
      <object_component id="oc-6d5">
         <name>.text:sl_Socket</name>
         <load_address>0x20011574</load_address>
         <run_address>0x20011574</run_address>
         <size>0x30</size>
         <input_file_ref idref="fl-194"/>
      </object_component>
      <object_component id="oc-30d">
         <name>.text</name>
         <load_address>0x200115a4</load_address>
         <run_address>0x200115a4</run_address>
         <size>0x2e</size>
         <input_file_ref idref="fl-147"/>
      </object_component>
      <object_component id="oc-8d2">
         <name>.text</name>
         <load_address>0x200115d2</load_address>
         <run_address>0x200115d2</run_address>
         <size>0x2e</size>
         <input_file_ref idref="fl-178"/>
      </object_component>
      <object_component id="oc-679">
         <name>.text:DmaSpiSwIntHandler</name>
         <load_address>0x20011600</load_address>
         <run_address>0x20011600</run_address>
         <size>0x2c</size>
         <input_file_ref idref="fl-196"/>
      </object_component>
      <object_component id="oc-4ae">
         <name>.text:I2CMasterErr</name>
         <load_address>0x2001162c</load_address>
         <run_address>0x2001162c</run_address>
         <size>0x2c</size>
         <input_file_ref idref="fl-186"/>
      </object_component>
      <object_component id="oc-472">
         <name>.text:PRCMSysResetCauseGet</name>
         <load_address>0x20011658</load_address>
         <run_address>0x20011658</run_address>
         <size>0x2c</size>
         <input_file_ref idref="fl-189"/>
      </object_component>
      <object_component id="oc-61d">
         <name>.text:_SlDrvFlowContDeinit</name>
         <load_address>0x20011684</load_address>
         <run_address>0x20011684</run_address>
         <size>0x2c</size>
         <input_file_ref idref="fl-190"/>
      </object_component>
      <object_component id="oc-63c">
         <name>.text:_SlDrvFlowContInit</name>
         <load_address>0x200116b0</load_address>
         <run_address>0x200116b0</run_address>
         <size>0x2c</size>
         <input_file_ref idref="fl-190"/>
      </object_component>
      <object_component id="oc-530">
         <name>.text</name>
         <load_address>0x200116dc</load_address>
         <run_address>0x200116dc</run_address>
         <size>0x2a</size>
         <input_file_ref idref="fl-17c"/>
      </object_component>
      <object_component id="oc-46c">
         <name>.text:PRCMPeripheralClkDisable</name>
         <load_address>0x20011708</load_address>
         <run_address>0x20011708</run_address>
         <size>0x28</size>
         <input_file_ref idref="fl-189"/>
      </object_component>
      <object_component id="oc-84a">
         <name>.text:_sl_BuildAddress</name>
         <load_address>0x20011730</load_address>
         <run_address>0x20011730</run_address>
         <size>0x28</size>
         <input_file_ref idref="fl-194"/>
      </object_component>
      <object_component id="oc-173">
         <name>.text:sl_WlanSetMode</name>
         <load_address>0x20011758</load_address>
         <run_address>0x20011758</run_address>
         <size>0x28</size>
         <input_file_ref idref="fl-195"/>
      </object_component>
      <object_component id="oc-3d5">
         <name>.text:IntUnregister</name>
         <load_address>0x20011780</load_address>
         <run_address>0x20011780</run_address>
         <size>0x24</size>
         <input_file_ref idref="fl-187"/>
      </object_component>
      <object_component id="oc-4ee">
         <name>.text:UARTEnable</name>
         <load_address>0x200117a4</load_address>
         <run_address>0x200117a4</run_address>
         <size>0x24</size>
         <input_file_ref idref="fl-18a"/>
      </object_component>
      <object_component id="oc-291">
         <name>.text</name>
         <load_address>0x200117c8</load_address>
         <run_address>0x200117c8</run_address>
         <size>0x24</size>
         <input_file_ref idref="fl-14e"/>
      </object_component>
      <object_component id="oc-6c3">
         <name>.text:sl_Close</name>
         <load_address>0x200117ec</load_address>
         <run_address>0x200117ec</run_address>
         <size>0x24</size>
         <input_file_ref idref="fl-194"/>
      </object_component>
      <object_component id="oc-18b">
         <name>.text:sl_NetAppStart</name>
         <load_address>0x20011810</load_address>
         <run_address>0x20011810</run_address>
         <size>0x24</size>
         <input_file_ref idref="fl-192"/>
      </object_component>
      <object_component id="oc-185">
         <name>.text:sl_NetAppStop</name>
         <load_address>0x20011834</load_address>
         <run_address>0x20011834</run_address>
         <size>0x24</size>
         <input_file_ref idref="fl-192"/>
      </object_component>
      <object_component id="oc-202">
         <name>.text:ADCTimerConfig</name>
         <load_address>0x20011858</load_address>
         <run_address>0x20011858</run_address>
         <size>0x22</size>
         <input_file_ref idref="fl-184"/>
      </object_component>
      <object_component id="oc-4b4">
         <name>.text:I2CMasterSlaveAddrSet</name>
         <load_address>0x2001187a</load_address>
         <run_address>0x2001187a</run_address>
         <size>0x22</size>
         <input_file_ref idref="fl-186"/>
      </object_component>
      <object_component id="oc-367">
         <name>.text:NwpRegisterInterruptHandler</name>
         <load_address>0x2001189c</load_address>
         <run_address>0x2001189c</run_address>
         <size>0x22</size>
         <input_file_ref idref="fl-196"/>
      </object_component>
      <object_component id="oc-613">
         <name>.text:SPIReset</name>
         <load_address>0x200118be</load_address>
         <run_address>0x200118be</run_address>
         <size>0x22</size>
         <input_file_ref idref="fl-19e"/>
      </object_component>
      <object_component id="oc-908">
         <name>.text:SPIWordCountSet</name>
         <load_address>0x200118e0</load_address>
         <run_address>0x200118e0</run_address>
         <size>0x22</size>
         <input_file_ref idref="fl-19e"/>
      </object_component>
      <object_component id="oc-51e">
         <name>.text</name>
         <load_address>0x20011902</load_address>
         <run_address>0x20011902</run_address>
         <size>0x22</size>
         <input_file_ref idref="fl-171"/>
      </object_component>
      <object_component id="oc-14a">
         <name>.text</name>
         <load_address>0x20011924</load_address>
         <run_address>0x20011924</run_address>
         <size>0x22</size>
         <input_file_ref idref="fl-14c"/>
      </object_component>
      <object_component id="oc-16d">
         <name>.text:GPIOPinWrite</name>
         <load_address>0x20011946</load_address>
         <run_address>0x20011946</run_address>
         <size>0x20</size>
         <input_file_ref idref="fl-185"/>
      </object_component>
      <object_component id="oc-3c3">
         <name>.text:IntRegister</name>
         <load_address>0x20011968</load_address>
         <run_address>0x20011968</run_address>
         <size>0x20</size>
         <input_file_ref idref="fl-187"/>
      </object_component>
      <object_component id="oc-a04">
         <name>.text:_SlDrvCmdSend</name>
         <load_address>0x20011988</load_address>
         <run_address>0x20011988</run_address>
         <size>0x20</size>
         <input_file_ref idref="fl-18f"/>
      </object_component>
      <object_component id="oc-2e0">
         <name>.text</name>
         <load_address>0x200119a8</load_address>
         <run_address>0x200119a8</run_address>
         <size>0x20</size>
         <input_file_ref idref="fl-14b"/>
      </object_component>
      <object_component id="oc-328">
         <name>.text:GPIOIntRegister</name>
         <load_address>0x200119c8</load_address>
         <run_address>0x200119c8</run_address>
         <size>0x1e</size>
         <input_file_ref idref="fl-185"/>
      </object_component>
      <object_component id="oc-496">
         <name>.text:I2CMasterIntStatusEx</name>
         <load_address>0x200119e6</load_address>
         <run_address>0x200119e6</run_address>
         <size>0x1e</size>
         <input_file_ref idref="fl-186"/>
      </object_component>
      <object_component id="oc-15b">
         <name>.text:UARTCharPut</name>
[...]
         <name>osi_SyncObjDelete</name>
         <value>0x20009dc9</value>
         <object_component_ref idref="oc-191"/>
      </symbol>
      <symbol id="sm-1745">
         <name>osi_TaskDisable</name>
         <value>0x2000a18d</value>
         <object_component_ref idref="oc-191"/>
      </symbol>
      <symbol id="sm-1746">
         <name>osi_Spawn</name>
         <value>0x20009f6b</value>
         <object_component_ref idref="oc-191"/>
      </symbol>
      <symbol id="sm-1747">
         <name>mem_Free</name>
         <value>0x2000a12d</value>
         <object_component_ref idref="oc-191"/>
      </symbol>
      <symbol id="sm-1748">
         <name>osi_ContextSave</name>
         <value>0x2000a1a1</value>
         <object_component_ref idref="oc-191"/>
      </symbol>
      <symbol id="sm-1749">
         <name>xSimpleLinkSpawnQueue</name>
         <value>0x20019614</value>
         <object_component_ref idref="oc-3e1"/>
      </symbol>
      <symbol id="sm-174a">
         <name>xSimpleLinkSpawnTaskHndl</name>
         <value>0x20019618</value>
         <object_component_ref idref="oc-3e1"/>
      </symbol>
      <symbol id="sm-1772">
         <name>vPortSetupTimerInterrupt</name>
         <value>0x2000dc19</value>
         <object_component_ref idref="oc-38"/>
      </symbol>
      <symbol id="sm-1773">
         <name>vPortEndScheduler</name>
         <value>0x2000dbb9</value>
         <object_component_ref idref="oc-38"/>
      </symbol>
      <symbol id="sm-1774">
         <name>vPortYield</name>
         <value>0x2000dbbb</value>
         <object_component_ref idref="oc-38"/>
      </symbol>
      <symbol id="sm-1775">
         <name>xPortSysTickHandler</name>
         <value>0x2000dbfd</value>
         <object_component_ref idref="oc-38"/>
      </symbol>
      <symbol id="sm-1776">
         <name>pxPortInitialiseStack</name>
         <value>0x2000db3d</value>
         <object_component_ref idref="oc-38"/>
      </symbol>
      <symbol id="sm-1777">
         <name>vPortExitCritical</name>
         <value>0x2000dbe5</value>
         <object_component_ref idref="oc-38"/>
      </symbol>
      <symbol id="sm-1778">
         <name>xPortStartScheduler</name>
         <value>0x2000db8d</value>
         <object_component_ref idref="oc-38"/>
      </symbol>
      <symbol id="sm-1779">
         <name>vPortEnterCritical</name>
         <value>0x2000dbcd</value>
         <object_component_ref idref="oc-38"/>
      </symbol>
      <symbol id="sm-178a">
         <name>portCLZ</name>
         <value>0x2000ebf1</value>
         <object_component_ref idref="oc-33"/>
      </symbol>
      <symbol id="sm-178b">
         <name>xPortPendSVHandler</name>
         <value>0x2000eb65</value>
         <object_component_ref idref="oc-33"/>
      </symbol>
      <symbol id="sm-178c">
         <name>vPortClearInterruptMask</name>
         <value>0x2000eb57</value>
         <object_component_ref idref="oc-33"/>
      </symbol>
      <symbol id="sm-178d">
         <name>ulPortSetInterruptMask</name>
         <value>0x2000eb41</value>
         <object_component_ref idref="oc-33"/>
      </symbol>
      <symbol id="sm-178e">
         <name>prvPortStartFirstTask</name>
         <value>0x2000ebd9</value>
         <object_component_ref idref="oc-33"/>
      </symbol>
      <symbol id="sm-178f">
         <name>vPortSVCHandler</name>
         <value>0x2000ebb1</value>
         <object_component_ref idref="oc-33"/>
      </symbol>
      <symbol id="sm-1843">
         <name>xQueuePeekFromISR</name>
         <value>0x2000946d</value>
         <object_component_ref idref="oc-3db"/>
      </symbol>
      <symbol id="sm-1844">
         <name>xQueueIsQueueEmptyFromISR</name>
         <value>0x200096f3</value>
         <object_component_ref idref="oc-3db"/>
      </symbol>
      <symbol id="sm-1845">
         <name>xQueueGenericSendFromISR</name>
         <value>0x20009217</value>
         <object_component_ref idref="oc-3db"/>
      </symbol>
      <symbol id="sm-1846">
         <name>uxQueueMessagesWaiting</name>
         <value>0x200094b1</value>
         <object_component_ref idref="oc-3db"/>
      </symbol>
      <symbol id="sm-1847">
         <name>vQueueAddToRegistry</name>
         <value>0x20009757</value>
         <object_component_ref idref="oc-3db"/>
      </symbol>
      <symbol id="sm-1848">
         <name>xQueueIsQueueFullFromISR</name>
         <value>0x20009735</value>
         <object_component_ref idref="oc-3db"/>
      </symbol>
      <symbol id="sm-1849">
         <name>xQueueSelectFromSet</name>
         <value>0x2000985d</value>
         <object_component_ref idref="oc-3db"/>
      </symbol>
      <symbol id="sm-184a">
         <name>xQueueGenericCreate</name>
         <value>0x20008e4d</value>
         <object_component_ref idref="oc-3db"/>
      </symbol>
      <symbol id="sm-184b">
         <name>xQueueSelectFromSetFromISR</name>
         <value>0x20009877</value>
         <object_component_ref idref="oc-3db"/>
      </symbol>
      <symbol id="sm-184c">
         <name>xQueueCreateMutex</name>
         <value>0x20008ec3</value>
         <object_component_ref idref="oc-3db"/>
      </symbol>
      <symbol id="sm-184d">
         <name>vQueueSetQueueNumber</name>
         <value>0x2000952b</value>
         <object_component_ref idref="oc-3db"/>
      </symbol>
      <symbol id="sm-184e">
         <name>xQueueGenericSend</name>
         <value>0x20008f61</value>
         <object_component_ref idref="oc-3db"/>
      </symbol>
      <symbol id="sm-184f">
         <name>xQueueGenericReset</name>
         <value>0x20008dbd</value>
         <object_component_ref idref="oc-3db"/>
      </symbol>
      <symbol id="sm-1850">
         <name>xQueueReceiveFromISR</name>
         <value>0x200093f5</value>
         <object_component_ref idref="oc-3db"/>
      </symbol>
      <symbol id="sm-1851">
         <name>uxQueueSpacesAvailable</name>
         <value>0x200094c7</value>
         <object_component_ref idref="oc-3db"/>
      </symbol>
      <symbol id="sm-1852">
         <name>xQueueRegistry</name>
         <value>0x20019ae8</value>
         <object_component_ref idref="oc-6a1"/>
      </symbol>
      <symbol id="sm-1853">
         <name>vQueueUnregisterQueue</name>
         <value>0x20009799</value>
         <object_component_ref idref="oc-3db"/>
      </symbol>
      <symbol id="sm-1854">
         <name>xQueueAltGenericReceive</name>
         <value>0x20009119</value>
         <object_component_ref idref="oc-3db"/>
      </symbol>
      <symbol id="sm-1855">
         <name>uxQueueMessagesWaitingFromISR</name>
         <value>0x200094e7</value>
         <object_component_ref idref="oc-3db"/>
      </symbol>
      <symbol id="sm-1856">
         <name>uxQueueGetQueueNumber</name>
         <value>0x2000951d</value>
         <object_component_ref idref="oc-3db"/>
      </symbol>
      <symbol id="sm-1857">
         <name>xQueueGenericReceive</name>
         <value>0x200092b3</value>
         <object_component_ref idref="oc-3db"/>
      </symbol>
      <symbol id="sm-1858">
         <name>xQueueCreateCountingSemaphore</name>
         <value>0x20008f41</value>
         <object_component_ref idref="oc-3db"/>
      </symbol>
      <symbol id="sm-1859">
         <name>vQueueDelete</name>
         <value>0x200094f9</value>
         <object_component_ref idref="oc-3db"/>
      </symbol>
      <symbol id="sm-185a">
         <name>xQueueAddToSet</name>
         <value>0x200097e7</value>
         <object_component_ref idref="oc-3db"/>
      </symbol>
      <symbol id="sm-185b">
         <name>xQueueAltGenericSend</name>
         <value>0x2000906d</value>
         <object_component_ref idref="oc-3db"/>
      </symbol>
      <symbol id="sm-185c">
         <name>xQueueCreateSet</name>
         <value>0x200097d3</value>
         <object_component_ref idref="oc-3db"/>
      </symbol>
      <symbol id="sm-185d">
         <name>xQueueRemoveFromSet</name>
         <value>0x2000981b</value>
         <object_component_ref idref="oc-3db"/>
      </symbol>
      <symbol id="sm-185e">
         <name>ucQueueGetQueueType</name>
         <value>0x2000953d</value>
         <object_component_ref idref="oc-3db"/>
      </symbol>
      <symbol id="sm-19d1">
         <name>vTaskDelay</name>
         <value>0x200060d3</value>
         <object_component_ref idref="oc-87"/>
      </symbol>
      <symbol id="sm-19d2">
         <name>vTaskSuspendAll</name>
         <value>0x20006537</value>
         <object_component_ref idref="oc-87"/>
      </symbol>
      <symbol id="sm-19d3">
         <name>vTaskPriorityInherit</name>
         <value>0x20006f79</value>
         <object_component_ref idref="oc-87"/>
      </symbol>
      <symbol id="sm-19d4">
         <name>vTaskPlaceOnEventList</name>
         <value>0x200068ed</value>
         <object_component_ref idref="oc-87"/>
      </symbol>
      <symbol id="sm-19d5">
         <name>vTaskSetTaskNumber</name>
         <value>0x20006b85</value>
         <object_component_ref idref="oc-87"/>
      </symbol>
      <symbol id="sm-19d6">
         <name>xTaskCheckForTimeOut</name>
         <value>0x20006add</value>
         <object_component_ref idref="oc-87"/>
      </symbol>
      <symbol id="sm-19d7">
         <name>xTaskRemoveFromUnorderedEventList</name>
         <value>0x20006a49</value>
         <object_component_ref idref="oc-87"/>
      </symbol>
      <symbol id="sm-19d8">
         <name>vTaskPrioritySet</name>
         <value>0x200061f5</value>
         <object_component_ref idref="oc-87"/>
      </symbol>
      <symbol id="sm-19d9">
         <name>vTaskStartScheduler</name>
         <value>0x200064db</value>
         <object_component_ref idref="oc-87"/>
      </symbol>
      <symbol id="sm-19da">
         <name>pcTaskGetTaskName</name>
         <value>0x2000664d</value>
         <object_component_ref idref="oc-87"/>
      </symbol>
      <symbol id="sm-19db">
         <name>vTaskPriorityDisinherit</name>
         <value>0x20007033</value>
         <object_component_ref idref="oc-87"/>
      </symbol>
      <symbol id="sm-19dc">
         <name>vTaskDelayUntil</name>
         <value>0x20006037</value>
         <object_component_ref idref="oc-87"/>
      </symbol>
      <symbol id="sm-19dd">
         <name>uxTaskGetTaskNumber</name>
         <value>0x20006b65</value>
         <object_component_ref idref="oc-87"/>
      </symbol>
      <symbol id="sm-19de">
         <name>vTaskEndScheduler</name>
         <value>0x20006525</value>
         <object_component_ref idref="oc-87"/>
      </symbol>
      <symbol id="sm-19df">
         <name>vTaskMissedYield</name>
         <value>0x20006b57</value>
         <object_component_ref idref="oc-87"/>
      </symbol>
      <symbol id="sm-19e0">
         <name>uxTaskGetNumberOfTasks</name>
         <value>0x20006641</value>
         <object_component_ref idref="oc-87"/>
      </symbol>
      <symbol id="sm-19e1">
         <name>uxTaskPriorityGet</name>
         <value>0x200061bd</value>
         <object_component_ref idref="oc-87"/>
      </symbol>
      <symbol id="sm-19e2">
         <name>xTaskResumeAll</name>
         <value>0x20006549</value>
         <object_component_ref idref="oc-87"/>
      </symbol>
      <symbol id="sm-19e3">
         <name>xTaskGetTickCount</name>
         <value>0x20006615</value>
         <object_component_ref idref="oc-87"/>
      </symbol>
      <symbol id="sm-19e4">
         <name>xTaskGenericCreate</name>
         <value>0x20005e99</value>
         <object_component_ref idref="oc-87"/>
      </symbol>
      <symbol id="sm-19e5">
         <name>uxTaskGetSystemState</name>
         <value>0x20006671</value>
         <object_component_ref idref="oc-87"/>
      </symbol>
      <symbol id="sm-19e6">
         <name>vTaskDelete</name>
         <value>0x20005fa7</value>
         <object_component_ref idref="oc-87"/>
      </symbol>
      <symbol id="sm-19e7">
         <name>pxCurrentTCB</name>
         <value>0x200195ac</value>
         <object_component_ref idref="oc-8d"/>
      </symbol>
      <symbol id="sm-19e8">
         <name>eTaskGetState</name>
         <value>0x20006129</value>
         <object_component_ref idref="oc-87"/>
      </symbol>
      <symbol id="sm-19e9">
         <name>vTaskSuspend</name>
         <value>0x200062f9</value>
         <object_component_ref idref="oc-87"/>
      </symbol>
      <symbol id="sm-19ea">
         <name>xTaskGetIdleTaskHandle</name>
         <value>0x2000672f</value>
         <object_component_ref idref="oc-87"/>
      </symbol>
      <symbol id="sm-19eb">
         <name>xTaskGetTickCountFromISR</name>
         <value>0x20006629</value>
         <object_component_ref idref="oc-87"/>
      </symbol>
      <symbol id="sm-19ec">
         <name>vTaskResume</name>
         <value>0x200063ed</value>
         <object_component_ref idref="oc-87"/>
      </symbol>
      <symbol id="sm-19ed">
         <name>vTaskSetTimeOutState</name>
         <value>0x20006ab7</value>
         <object_component_ref idref="oc-87"/>
      </symbol>
      <symbol id="sm-19ee">
         <name>xTaskIncrementTick</name>
         <value>0x20006749</value>
         <object_component_ref idref="oc-87"/>
      </symbol>
      <symbol id="sm-19ef">
         <name>vTaskSwitchContext</name>
         <value>0x2000686d</value>
         <object_component_ref idref="oc-87"/>
      </symbol>
      <symbol id="sm-19f0">
         <name>uxTaskResetEventItemValue</name>
         <value>0x200070bd</value>
         <object_component_ref idref="oc-87"/>
      </symbol>
      <symbol id="sm-19f1">
         <name>xTaskGetSchedulerState</name>
         <value>0x20006f41</value>
         <object_component_ref idref="oc-87"/>
      </symbol>
      <symbol id="sm-19f2">
         <name>xTaskResumeFromISR</name>
         <value>0x20006461</value>
         <object_component_ref idref="oc-87"/>
      </symbol>
      <symbol id="sm-19f3">
         <name>xTaskGetCurrentTaskHandle</name>
         <value>0x20006f2d</value>
         <object_component_ref idref="oc-87"/>
      </symbol>
      <symbol id="sm-19f4">
         <name>vTaskPlaceOnUnorderedEventList</name>
         <value>0x20006951</value>
         <object_component_ref idref="oc-87"/>
      </symbol>
      <symbol id="sm-19f5">
         <name>xTaskRemoveFromEventList</name>
         <value>0x200069c5</value>
         <object_component_ref idref="oc-87"/>
      </symbol>
      <symbol id="sm-1a05">
         <name>pvPortMalloc</name>
         <value>0x200111c9</value>
         <object_component_ref idref="oc-f2"/>
      </symbol>
      <symbol id="sm-1a06">
         <name>vPortFree</name>
         <value>0x200111e9</value>
         <object_component_ref idref="oc-f2"/>
      </symbol>
      <symbol id="sm-1a1c">
         <name>uxListRemove</name>
         <value>0x2000d8bb</value>
         <object_component_ref idref="oc-e2"/>
      </symbol>
      <symbol id="sm-1a1d">
         <name>vListInsert</name>
         <value>0x2000d855</value>
         <object_component_ref idref="oc-e2"/>
      </symbol>
      <symbol id="sm-1a1e">
         <name>vListInitialiseItem</name>
         <value>0x2000d809</value>
         <object_component_ref idref="oc-e2"/>
      </symbol>
      <symbol id="sm-1a1f">
         <name>vListInsertEnd</name>
         <value>0x2000d819</value>
         <object_component_ref idref="oc-e2"/>
      </symbol>
      <symbol id="sm-1a20">
         <name>vListInitialise</name>
         <value>0x2000d7d9</value>
         <object_component_ref idref="oc-e2"/>
      </symbol>
      <symbol id="sm-1abc">
         <name>SPIFIFODisable</name>
         <value>0x20011b17</value>
         <object_component_ref idref="oc-5fb"/>
      </symbol>
      <symbol id="sm-1abd">
         <name>SPICSEnable</name>
         <value>0x20011b95</value>
         <object_component_ref idref="oc-8ea"/>
      </symbol>
      <symbol id="sm-1abe">
         <name>SPIDisable</name>
         <value>0x20011bad</value>
         <object_component_ref idref="oc-60d"/>
      </symbol>
      <symbol id="sm-1abf">
         <name>SPIFIFOEnable</name>
         <value>0x20011b31</value>
         <object_component_ref idref="oc-65b"/>
      </symbol>
      <symbol id="sm-1ac0">
         <name>SPIWordCountSet</name>
         <value>0x200118e1</value>
         <object_component_ref idref="oc-908"/>
      </symbol>
      <symbol id="sm-1ac1">
         <name>SPIEnable</name>
         <value>0x20011bc5</value>
         <object_component_ref idref="oc-673"/>
      </symbol>
      <symbol id="sm-1ac2">
         <name>SPIDmaEnable</name>
         <value>0x20011afd</value>
         <object_component_ref idref="oc-661"/>
      </symbol>
      <symbol id="sm-1ac3">
         <name>SPIConfigSetExpClk</name>
         <value>0x2000f179</value>
         <object_component_ref idref="oc-643"/>
      </symbol>
      <symbol id="sm-1ac4">
         <name>SPIFIFOLevelSet</name>
         <value>0x2001134d</value>
         <object_component_ref idref="oc-667"/>
      </symbol>
      <symbol id="sm-1ac5">
         <name>SPIDmaDisable</name>
         <value>0x20011ae3</value>
         <object_component_ref idref="oc-601"/>
      </symbol>
      <symbol id="sm-1ac6">
         <name>SPIReset</name>
         <value>0x200118bf</value>
         <object_component_ref idref="oc-613"/>
      </symbol>
      <symbol id="sm-1ac7">
         <name>SPIIntEnable</name>
         <value>0x20010af1</value>
         <object_component_ref idref="oc-66d"/>
      </symbol>
      <symbol id="sm-1ac8">
         <name>SPIIntClear</name>
         <value>0x20010d01</value>
         <object_component_ref idref="oc-82a"/>
      </symbol>
      <symbol id="sm-1ac9">
         <name>SPICSDisable</name>
         <value>0x20011b7d</value>
         <object_component_ref idref="oc-607"/>
      </symbol>
      <symbol id="sm-1b20">
         <name>uDMAChannelControlSet</name>
         <value>0x2001111d</value>
         <object_component_ref idref="oc-8f0"/>
      </symbol>
      <symbol id="sm-1b21">
         <name>uDMAChannelAttributeEnable</name>
         <value>0x20010785</value>
         <object_component_ref idref="oc-8f6"/>
      </symbol>
      <symbol id="sm-1b22">
         <name>uDMAChannelTransferSet</name>
         <value>0x2000e165</value>
         <object_component_ref idref="oc-8fc"/>
      </symbol>
      <symbol id="sm-1b23">
         <name>uDMAChannelAssign</name>
         <value>0x20010c21</value>
         <object_component_ref idref="oc-64f"/>
      </symbol>
      <symbol id="sm-1b24">
         <name>uDMAChannelAttributeDisable</name>
         <value>0x20010721</value>
         <object_component_ref idref="oc-655"/>
      </symbol>
      <symbol id="sm-1b25">
         <name>uDMAChannelEnable</name>
         <value>0x20011a79</value>
         <object_component_ref idref="oc-902"/>
      </symbol>
      <symbol id="sm-1b26">
         <name>__TI_static_base__</name>
         <value>0x200126d8</value>
      </symbol>
      <symbol id="sm-1b29">
         <name>SHT$$INIT_ARRAY$$Limit</name>
         <value>0x0</value>
      </symbol>
      <symbol id="sm-1b2a">
         <name>SHT$$INIT_ARRAY$$Base</name>
         <value>0x0</value>
      </symbol>
      <symbol id="sm-1b2b">
         <name>remove</name>
         <value>0x2000b85d</value>
      </symbol>
   </symbol_table>
   <title>Link successful</title>
</link_info>
